Archive member included to satisfy reference by file (symbol)

E:/STM32/Tools/arm-none-eabi-gcc/14.2.1-1.1.1/.content/bin/../lib/gcc/arm-none-eabi/14.2.1/../../../../arm-none-eabi/lib/thumb/v7e-m+fp/hard\libc_nano.a(libc_a-atexit.o)
                              E:/STM32/Tools/arm-none-eabi-gcc/14.2.1-1.1.1/.content/bin/../lib/gcc/arm-none-eabi/14.2.1/../../../../arm-none-eabi/lib/thumb/v7e-m+fp/hard/crt0.o (atexit)
E:/STM32/Tools/arm-none-eabi-gcc/14.2.1-1.1.1/.content/bin/../lib/gcc/arm-none-eabi/14.2.1/../../../../arm-none-eabi/lib/thumb/v7e-m+fp/hard\libc_nano.a(libc_a-atoi.o)
                              build/NFC.o (atoi)
E:/STM32/Tools/arm-none-eabi-gcc/14.2.1-1.1.1/.content/bin/../lib/gcc/arm-none-eabi/14.2.1/../../../../arm-none-eabi/lib/thumb/v7e-m+fp/hard\libc_nano.a(libc_a-exit.o)
                              E:/STM32/Tools/arm-none-eabi-gcc/14.2.1-1.1.1/.content/bin/../lib/gcc/arm-none-eabi/14.2.1/../../../../arm-none-eabi/lib/thumb/v7e-m+fp/hard/crt0.o (exit)
E:/STM32/Tools/arm-none-eabi-gcc/14.2.1-1.1.1/.content/bin/../lib/gcc/arm-none-eabi/14.2.1/../../../../arm-none-eabi/lib/thumb/v7e-m+fp/hard\libc_nano.a(libc_a-strtol.o)
                              E:/STM32/Tools/arm-none-eabi-gcc/14.2.1-1.1.1/.content/bin/../lib/gcc/arm-none-eabi/14.2.1/../../../../arm-none-eabi/lib/thumb/v7e-m+fp/hard\libc_nano.a(libc_a-atoi.o) (_strtol_r)
E:/STM32/Tools/arm-none-eabi-gcc/14.2.1-1.1.1/.content/bin/../lib/gcc/arm-none-eabi/14.2.1/../../../../arm-none-eabi/lib/thumb/v7e-m+fp/hard\libc_nano.a(libc_a-ctype_.o)
                              E:/STM32/Tools/arm-none-eabi-gcc/14.2.1-1.1.1/.content/bin/../lib/gcc/arm-none-eabi/14.2.1/../../../../arm-none-eabi/lib/thumb/v7e-m+fp/hard\libc_nano.a(libc_a-strtol.o) (_ctype_)
E:/STM32/Tools/arm-none-eabi-gcc/14.2.1-1.1.1/.content/bin/../lib/gcc/arm-none-eabi/14.2.1/../../../../arm-none-eabi/lib/thumb/v7e-m+fp/hard\libc_nano.a(libc_a-nano-vfprintf_float.o)
                              build/uart_drv.o (_printf_float)
E:/STM32/Tools/arm-none-eabi-gcc/14.2.1-1.1.1/.content/bin/../lib/gcc/arm-none-eabi/14.2.1/../../../../arm-none-eabi/lib/thumb/v7e-m+fp/hard\libc_nano.a(libc_a-nano-vfprintf_i.o)
                              E:/STM32/Tools/arm-none-eabi-gcc/14.2.1-1.1.1/.content/bin/../lib/gcc/arm-none-eabi/14.2.1/../../../../arm-none-eabi/lib/thumb/v7e-m+fp/hard\libc_nano.a(libc_a-nano-vfprintf_float.o) (_printf_common)
E:/STM32/Tools/arm-none-eabi-gcc/14.2.1-1.1.1/.content/bin/../lib/gcc/arm-none-eabi/14.2.1/../../../../arm-none-eabi/lib/thumb/v7e-m+fp/hard\libc_nano.a(libc_a-findfp.o)
                              E:/STM32/Tools/arm-none-eabi-gcc/14.2.1-1.1.1/.content/bin/../lib/gcc/arm-none-eabi/14.2.1/../../../../arm-none-eabi/lib/thumb/v7e-m+fp/hard\libc_nano.a(libc_a-exit.o) (__stdio_exit_handler)
E:/STM32/Tools/arm-none-eabi-gcc/14.2.1-1.1.1/.content/bin/../lib/gcc/arm-none-eabi/14.2.1/../../../../arm-none-eabi/lib/thumb/v7e-m+fp/hard\libc_nano.a(libc_a-fwalk.o)
                              E:/STM32/Tools/arm-none-eabi-gcc/14.2.1-1.1.1/.content/bin/../lib/gcc/arm-none-eabi/14.2.1/../../../../arm-none-eabi/lib/thumb/v7e-m+fp/hard\libc_nano.a(libc_a-findfp.o) (_fwalk_sglue)
E:/STM32/Tools/arm-none-eabi-gcc/14.2.1-1.1.1/.content/bin/../lib/gcc/arm-none-eabi/14.2.1/../../../../arm-none-eabi/lib/thumb/v7e-m+fp/hard\libc_nano.a(libc_a-printf.o)
                              build/freertos.o (printf)
E:/STM32/Tools/arm-none-eabi-gcc/14.2.1-1.1.1/.content/bin/../lib/gcc/arm-none-eabi/14.2.1/../../../../arm-none-eabi/lib/thumb/v7e-m+fp/hard\libc_nano.a(libc_a-puts.o)
                              build/freertos.o (puts)
E:/STM32/Tools/arm-none-eabi-gcc/14.2.1-1.1.1/.content/bin/../lib/gcc/arm-none-eabi/14.2.1/../../../../arm-none-eabi/lib/thumb/v7e-m+fp/hard\libc_nano.a(libc_a-snprintf.o)
                              build/freertos.o (snprintf)
E:/STM32/Tools/arm-none-eabi-gcc/14.2.1-1.1.1/.content/bin/../lib/gcc/arm-none-eabi/14.2.1/../../../../arm-none-eabi/lib/thumb/v7e-m+fp/hard\libc_nano.a(libc_a-sprintf.o)
                              build/esp01s.o (sprintf)
E:/STM32/Tools/arm-none-eabi-gcc/14.2.1-1.1.1/.content/bin/../lib/gcc/arm-none-eabi/14.2.1/../../../../arm-none-eabi/lib/thumb/v7e-m+fp/hard\libc_nano.a(libc_a-sscanf.o)
                              build/esp01s.o (sscanf)
E:/STM32/Tools/arm-none-eabi-gcc/14.2.1-1.1.1/.content/bin/../lib/gcc/arm-none-eabi/14.2.1/../../../../arm-none-eabi/lib/thumb/v7e-m+fp/hard\libc_nano.a(libc_a-stdio.o)
                              E:/STM32/Tools/arm-none-eabi-gcc/14.2.1-1.1.1/.content/bin/../lib/gcc/arm-none-eabi/14.2.1/../../../../arm-none-eabi/lib/thumb/v7e-m+fp/hard\libc_nano.a(libc_a-findfp.o) (__sread)
E:/STM32/Tools/arm-none-eabi-gcc/14.2.1-1.1.1/.content/bin/../lib/gcc/arm-none-eabi/14.2.1/../../../../arm-none-eabi/lib/thumb/v7e-m+fp/hard\libc_nano.a(libc_a-wbuf.o)
[...]
Memory Configuration

Name             Origin             Length             Attributes
RAM              0x20000000         0x00020000         xrw
CCMRAM           0x10000000         0x00010000         xrw
FLASH            0x08000000         0x00080000         xr
*default*        0x00000000         0xffffffff

Linker script and memory map

LOAD E:/STM32/Tools/arm-none-eabi-gcc/14.2.1-1.1.1/.content/bin/../lib/gcc/arm-none-eabi/14.2.1/thumb/v7e-m+fp/hard/crti.o
LOAD E:/STM32/Tools/arm-none-eabi-gcc/14.2.1-1.1.1/.content/bin/../lib/gcc/arm-none-eabi/14.2.1/thumb/v7e-m+fp/hard/crtbegin.o
LOAD E:/STM32/Tools/arm-none-eabi-gcc/14.2.1-1.1.1/.content/bin/../lib/gcc/arm-none-eabi/14.2.1/../../../../arm-none-eabi/lib/thumb/v7e-m+fp/hard/crt0.o
LOAD build/main.o
LOAD build/gpio.o
LOAD build/freertos.o
LOAD build/adc.o
LOAD build/dac.o
LOAD build/dma.o
LOAD build/i2c.o
LOAD build/rtc.o
LOAD build/spi.o
LOAD build/tim.o
LOAD build/usart.o
LOAD build/stm32f4xx_it.o
LOAD build/stm32f4xx_hal_msp.o
LOAD build/stm32f4xx_hal_timebase_tim.o
LOAD build/stm32f4xx_hal_tim.o
LOAD build/stm32f4xx_hal_tim_ex.o
LOAD build/stm32f4xx_hal_adc.o
LOAD build/stm32f4xx_hal_adc_ex.o
LOAD build/stm32f4xx_hal_rcc.o
LOAD build/stm32f4xx_hal_rcc_ex.o
LOAD build/stm32f4xx_hal_flash.o
LOAD build/stm32f4xx_hal_flash_ex.o
LOAD build/stm32f4xx_hal_flash_ramfunc.o
LOAD build/stm32f4xx_hal_gpio.o
LOAD build/stm32f4xx_hal_dma_ex.o
LOAD build/stm32f4xx_hal_dma.o
LOAD build/stm32f4xx_hal_pwr.o
LOAD build/stm32f4xx_hal_pwr_ex.o
LOAD build/stm32f4xx_hal_cortex.o
LOAD build/stm32f4xx_hal.o
LOAD build/stm32f4xx_hal_exti.o
LOAD build/stm32f4xx_hal_dac.o
LOAD build/stm32f4xx_hal_dac_ex.o
LOAD build/stm32f4xx_hal_i2c.o
LOAD build/stm32f4xx_hal_i2c_ex.o
LOAD build/stm32f4xx_hal_rtc.o
LOAD build/stm32f4xx_hal_rtc_ex.o
LOAD build/stm32f4xx_hal_spi.o
LOAD build/stm32f4xx_hal_uart.o
LOAD build/system_stm32f4xx.o
LOAD build/croutine.o
LOAD build/event_groups.o
LOAD build/list.o
LOAD build/queue.o
LOAD build/stream_buffer.o
LOAD build/tasks.o
LOAD build/timers.o
LOAD build/cmsis_os2.o
LOAD build/heap_4.o
LOAD build/port.o
LOAD build/sysmem.o
LOAD build/syscalls.o
LOAD build/led.o
LOAD build/key.o
LOAD build/delay_us.o
LOAD build/ds18B20.o
LOAD build/esp01s.o
LOAD build/midi.o
LOAD build/NFC.o
LOAD build/rc522.o
LOAD build/rc522_platform_stm32.o
LOAD build/F08_ASCII.o
LOAD build/GUISlim.o
LOAD build/ssd1306.o
LOAD build/ssd1306_i2c.o
LOAD build/bsp_rtc.o
LOAD build/uart_drv.o
LOAD build/w25qxx.o
LOAD build/display.o
LOAD build/record.o
LOAD build/SimSun_16.o
LOAD build/SimSun_32.o
LOAD build/HDU.o
LOAD build/startup_stm32f407xx.o
LOAD E:/STM32/Tools/arm-none-eabi-gcc/14.2.1-1.1.1/.content/bin/../lib/gcc/arm-none-eabi/14.2.1/../../../../arm-none-eabi/lib/thumb/v7e-m+fp/hard\libc_nano.a
LOAD E:/STM32/Tools/arm-none-eabi-gcc/14.2.1-1.1.1/.content/bin/../lib/gcc/arm-none-eabi/14.2.1/../../../../arm-none-eabi/lib/thumb/v7e-m+fp/hard\libm.a
LOAD E:/STM32/Tools/arm-none-eabi-gcc/14.2.1-1.1.1/.content/bin/../lib/gcc/arm-none-eabi/14.2.1/../../../../arm-none-eabi/lib/thumb/v7e-m+fp/hard\libnosys.a
START GROUP
LOAD E:/STM32/Tools/arm-none-eabi-gcc/14.2.1-1.1.1/.content/bin/../lib/gcc/arm-none-eabi/14.2.1/thumb/v7e-m+fp/hard\libgcc.a
LOAD E:/STM32/Tools/arm-none-eabi-gcc/14.2.1-1.1.1/.content/bin/../lib/gcc/arm-none-eabi/14.2.1/../../../../arm-none-eabi/lib/thumb/v7e-m+fp/hard\libc_nano.a
END GROUP
START GROUP
LOAD E:/STM32/Tools/arm-none-eabi-gcc/14.2.1-1.1.1/.content/bin/../lib/gcc/arm-none-eabi/14.2.1/thumb/v7e-m+fp/hard\libgcc.a
LOAD E:/STM32/Tools/arm-none-eabi-gcc/14.2.1-1.1.1/.content/bin/../lib/gcc/arm-none-eabi/14.2.1/../../../../arm-none-eabi/lib/thumb/v7e-m+fp/hard\libc_nano.a
END GROUP
LOAD E:/STM32/Tools/arm-none-eabi-gcc/14.2.1-1.1.1/.content/bin/../lib/gcc/arm-none-eabi/14.2.1/thumb/v7e-m+fp/hard/crtend.o
LOAD E:/STM32/Tools/arm-none-eabi-gcc/14.2.1-1.1.1/.content/bin/../lib/gcc/arm-none-eabi/14.2.1/thumb/v7e-m+fp/hard/crtn.o
                0x20020000                        _estack = (ORIGIN (RAM) + LENGTH (RAM))
                0x2001fc00                        _sstack = (_estack - _Min_Stack_Size)
                0x00000200                        _Min_Heap_Size = 0x200
                0x00000400                        _Min_Stack_Size = 0x400

.isr_vector     0x08000000      0x188
                0x08000000                        . = ALIGN (0x4)
 *(.isr_vector)
 .isr_vector    0x08000000      0x188 build/startup_stm32f407xx.o
                0x08000000                g_pfnVectors
                0x08000188                        . = ALIGN (0x4)

.text           0x08000190    0x12a74
                0x08000190                        . = ALIGN (0x4)
 *(.text)
 .text          0x08000190       0x14 E:/STM32/Tools/arm-none-eabi-gcc/14.2.1-1.1.1/.content/bin/../lib/gcc/arm-none-eabi/14.2.1/../../../../arm-none-eabi/lib/thumb/v7e-m+fp/hard\libc_nano.a(libc_a-strcmp.o)
                0x08000190                strcmp
 *fill*         0x080001a4        0xc 
 .text          0x080001b0       0xa0 E:/STM32/Tools/arm-none-eabi-gcc/14.2.1-1.1.1/.content/bin/../lib/gcc/arm-none-eabi/14.2.1/../../../../arm-none-eabi/lib/thumb/v7e-m+fp/hard\libc_nano.a(libc_a-memchr.o)
                0x080001b0                memchr
 .text          0x08000250       0x10 E:/STM32/Tools/arm-none-eabi-gcc/14.2.1-1.1.1/.content/bin/../lib/gcc/arm-none-eabi/14.2.1/../../../../arm-none-eabi/lib/thumb/v7e-m+fp/hard\libc_nano.a(libc_a-strlen.o)
                0x08000250                strlen
 .text          0x08000260      0x378 E:/STM32/Tools/arm-none-eabi-gcc/14.2.1-1.1.1/.content/bin/../lib/gcc/arm-none-eabi/14.2.1/thumb/v7e-m+fp/hard\libgcc.a(_arm_addsubdf3.o)
                0x08000260                __aeabi_drsub
                0x08000268                __aeabi_dsub
                0x08000268                __subdf3
                0x0800026c                __aeabi_dadd
                0x0800026c                __adddf3
                0x080004e4                __floatunsidf
                0x080004e4                __aeabi_ui2d
                0x08000504                __floatsidf
                0x08000504                __aeabi_i2d
                0x08000528                __aeabi_f2d
                0x08000528                __extendsfdf2
                0x0800056c                __floatundidf
                0x0800056c                __aeabi_ul2d
                0x0800057c                __floatdidf
                0x0800057c                __aeabi_l2d
 .text          0x080005d8      0x424 E:/STM32/Tools/arm-none-eabi-gcc/14.2.1-1.1.1/.content/bin/../lib/gcc/arm-none-eabi/14.2.1/thumb/v7e-m+fp/hard\libgcc.a(_arm_muldivdf3.o)
                0x080005d8                __aeabi_dmul
                0x080005d8                __muldf3
                0x0800082c                __divdf3
                0x0800082c                __aeabi_ddiv
 .text          0x080009fc      0x110 E:/STM32/Tools/arm-none-eabi-gcc/14.2.1-1.1.1/.content/bin/../lib/gcc/arm-none-eabi/14.2.1/thumb/v7e-m+fp/hard\libgcc.a(_arm_cmpdf2.o)
                0x080009fc                __gtdf2
                0x080009fc                __gedf2
                0x08000a04                __ltdf2
                0x08000a04                __ledf2
                0x08000a0c                __nedf2
                0x08000a0c                __eqdf2
                0x08000a0c                __cmpdf2
                0x08000a88                __aeabi_cdrcmple
                0x08000a98                __aeabi_cdcmpeq
                0x08000a98                __aeabi_cdcmple
                0x08000aa8                __aeabi_dcmpeq
                0x08000abc                __aeabi_dcmplt
                0x08000ad0                __aeabi_dcmple
                0x08000ae4                __aeabi_dcmpge
                0x08000af8                __aeabi_dcmpgt
 .text          0x08000b0c       0x2c E:/STM32/Tools/arm-none-eabi-gcc/14.2.1-1.1.1/.content/bin/../lib/gcc/arm-none-eabi/14.2.1/thumb/v7e-m+fp/hard\libgcc.a(_arm_unorddf2.o)
                0x08000b0c                __unorddf2
                0x08000b0c                __aeabi_dcmpun
 .text          0x08000b38       0x50 E:/STM32/Tools/arm-none-eabi-gcc/14.2.1-1.1.1/.content/bin/../lib/gcc/arm-none-eabi/14.2.1/thumb/v7e-m+fp/hard\libgcc.a(_arm_fixdfsi.o)
                0x08000b38                __aeabi_d2iz
                0x08000b38                __fixdfsi
 .text          0x08000b88       0x30 E:/STM32/Tools/arm-none-eabi-gcc/14.2.1-1.1.1/.content/bin/../lib/gcc/arm-none-eabi/14.2.1/thumb/v7e-m+fp/hard\libgcc.a(_aeabi_uldivmod.o)
                0x08000b88                __aeabi_uldivmod
 .text          0x08000bb8        0x4 E:/STM32/Tools/arm-none-eabi-gcc/14.2.1-1.1.1/.content/bin/../lib/gcc/arm-none-eabi/14.2.1/thumb/v7e-m+fp/hard\libgcc.a(_dvmd_tls.o)
                0x08000bb8                __aeabi_idiv0
                0x08000bb8                __aeabi_ldiv0
 *(.text*)
 .text.__do_global_dtors_aux
                0x08000bbc       0x24 E:/STM32/Tools/arm-none-eabi-gcc/14.2.1-1.1.1/.content/bin/../lib/gcc/arm-none-eabi/14.2.1/thumb/v7e-m+fp/hard/crtbegin.o
 .text.frame_dummy
                0x08000be0       0x1c E:/STM32/Tools/arm-none-eabi-gcc/14.2.1-1.1.1/.content/bin/../lib/gcc/arm-none-eabi/14.2.1/thumb/v7e-m+fp/hard/crtbegin.o
 .text.HAL_TIM_PeriodElapsedCallback
                0x08000bfc       0x20 build/main.o
                0x08000bfc                HAL_TIM_PeriodElapsedCallback
 .text.Error_Handler
                0x08000c1c        0x4 build/main.o
                0x08000c1c                Error_Handler
 .text.SystemClock_Config
                0x08000c20       0xac build/main.o
                0x08000c20                SystemClock_Config
 .text.main     0x08000ccc       0x48 build/main.o
                0x08000ccc                main
 .text.MX_GPIO_Init
                0x08000d14      0x198 build/gpio.o
                0x08000d14                MX_GPIO_Init
 .text.StartDefaultTask
                0x08000eac      0x1a4 build/freertos.o
                0x08000eac                StartDefaultTask
 .text.UART1_RxCallback
                0x08001050       0x60 build/freertos.o
 .text.StartTaskGui
                0x080010b0      0x1ec build/freertos.o
                0x080010b0                StartTaskGui
 .text.StartTaskKey
                0x0800129c        0xe build/freertos.o
                0x0800129c                StartTaskKey
 *fill*         0x080012aa        0x2 
 .text.StartTaskUart
                0x080012ac       0xb0 build/freertos.o
                0x080012ac                StartTaskUart
 .text.UpdateWeather
                0x0800135c       0xc8 build/freertos.o
 .text.StartTaskOther
                0x08001424      0x10c build/freertos.o
                0x08001424                StartTaskOther
 .text.StartTaskNFC
                0x08001530      0x770 build/freertos.o
                0x08001530                StartTaskNFC
 .text.MX_FREERTOS_Init
                0x08001ca0       0xd0 build/freertos.o
                0x08001ca0                MX_FREERTOS_Init
 .text.MX_ADC1_Init
                0x08001d70       0x70 build/adc.o
                0x08001d70                MX_ADC1_Init
 .text.HAL_ADC_MspInit
                0x08001de0       0xac build/adc.o
                0x08001de0                HAL_ADC_MspInit
 .text.MX_DAC_Init
                0x08001e8c       0x44 build/dac.o
                0x08001e8c                MX_DAC_Init
 .text.HAL_DAC_MspInit
                0x08001ed0       0xac build/dac.o
                0x08001ed0                HAL_DAC_MspInit
 .text.MX_DMA_Init
                0x08001f7c       0x98 build/dma.o
                0x08001f7c                MX_DMA_Init
 .text.MX_I2C1_Init
                0x08002014       0x3c build/i2c.o
                0x08002014                MX_I2C1_Init
 .text.HAL_I2C_MspInit
                0x08002050       0x70 build/i2c.o
                0x08002050                HAL_I2C_MspInit
 .text.HAL_I2C_MspDeInit
                0x080020c0       0x38 build/i2c.o
                0x080020c0                HAL_I2C_MspDeInit
 .text.MX_RTC_Init
                0x080020f8       0xdc build/rtc.o
                0x080020f8                MX_RTC_Init
 .text.HAL_RTC_MspInit
                0x080021d4       0x48 build/rtc.o
                0x080021d4                HAL_RTC_MspInit
 .text.MX_SPI1_Init
                0x0800221c       0x40 build/spi.o
                0x0800221c                MX_SPI1_Init
 .text.HAL_SPI_MspInit
                0x0800225c       0x70 build/spi.o
                0x0800225c                HAL_SPI_MspInit
 .text.MX_TIM2_Init
                0x080022cc       0x70 build/tim.o
                0x080022cc                MX_TIM2_Init
 .text.MX_TIM8_Init
                0x0800233c       0x70 build/tim.o
                0x0800233c                MX_TIM8_Init
 .text.HAL_TIM_Base_MspInit
                0x080023ac       0x94 build/tim.o
                0x080023ac                HAL_TIM_Base_MspInit
 .text.HAL_TIM_MspPostInit
                0x08002440       0x58 build/tim.o
                0x08002440                HAL_TIM_MspPostInit
 .text.MX_TIM3_Init
                0x08002498       0xb4 build/tim.o
                0x08002498                MX_TIM3_Init
 .text.MX_USART1_UART_Init
                0x0800254c       0x34 build/usart.o
                0x0800254c                MX_USART1_UART_Init
 .text.MX_USART6_UART_Init
                0x08002580       0x34 build/usart.o
                0x08002580                MX_USART6_UART_Init
 .text.HAL_UART_MspInit
                0x080025b4      0x1d8 build/usart.o
                0x080025b4                HAL_UART_MspInit
 .text.NMI_Handler
                0x0800278c        0x2 build/stm32f4xx_it.o
                0x0800278c                NMI_Handler
 .text.HardFault_Handler
                0x0800278e        0x2 build/stm32f4xx_it.o
                0x0800278e                HardFault_Handler
 .text.MemManage_Handler
                0x08002790        0x2 build/stm32f4xx_it.o
                0x08002790                MemManage_Handler
 .text.BusFault_Handler
                0x08002792        0x2 build/stm32f4xx_it.o
                0x08002792                BusFault_Handler
 .text.UsageFault_Handler
                0x08002794        0x2 build/stm32f4xx_it.o
                0x08002794                UsageFault_Handler
 .text.DebugMon_Handler
                0x08002796        0x2 build/stm32f4xx_it.o
                0x08002796                DebugMon_Handler
 .text.DMA1_Stream5_IRQHandler
                0x08002798       0x10 build/stm32f4xx_it.o
                0x08002798                DMA1_Stream5_IRQHandler
 .text.TIM3_IRQHandler
                0x080027a8       0x10 build/stm32f4xx_it.o
                0x080027a8                TIM3_IRQHandler
 .text.USART1_IRQHandler
                0x080027b8       0x10 build/stm32f4xx_it.o
                0x080027b8                USART1_IRQHandler
 .text.TIM8_UP_TIM13_IRQHandler
                0x080027c8       0x10 build/stm32f4xx_it.o
                0x080027c8                TIM8_UP_TIM13_IRQHandler
 .text.TIM7_IRQHandler
                0x080027d8       0x10 build/stm32f4xx_it.o
                0x080027d8                TIM7_IRQHandler
 .text.DMA2_Stream0_IRQHandler
                0x080027e8       0x10 build/stm32f4xx_it.o
                0x080027e8                DMA2_Stream0_IRQHandler
 .text.DMA2_Stream1_IRQHandler
                0x080027f8       0x10 build/stm32f4xx_it.o
                0x080027f8                DMA2_Stream1_IRQHandler
 .text.DMA2_Stream2_IRQHandler
                0x08002808       0x10 build/stm32f4xx_it.o
                0x08002808                DMA2_Stream2_IRQHandler
 .text.DMA2_Stream6_IRQHandler
                0x08002818       0x10 build/stm32f4xx_it.o
                0x08002818                DMA2_Stream6_IRQHandler
 .text.DMA2_Stream7_IRQHandler
                0x08002828       0x10 build/stm32f4xx_it.o
                0x08002828                DMA2_Stream7_IRQHandler
 .text.USART6_IRQHandler
                0x08002838       0x10 build/stm32f4xx_it.o
                0x08002838                USART6_IRQHandler
 .text.HAL_MspInit
                0x08002848       0x44 build/stm32f4xx_hal_msp.o
                0x08002848                HAL_MspInit
 .text.HAL_InitTick
                0x0800288c       0xa4 build/stm32f4xx_hal_timebase_tim.o
                0x0800288c                HAL_InitTick
 .text.TIM_OC1_SetConfig
                0x08002930       0x70 build/stm32f4xx_hal_tim.o
 .text.TIM_OC3_SetConfig
                0x080029a0       0x70 build/stm32f4xx_hal_tim.o
 .text.TIM_OC4_SetConfig
                0x08002a10       0x50 build/stm32f4xx_hal_tim.o
 .text.TIM_TI1_ConfigInputStage
                0x08002a60       0x26 build/stm32f4xx_hal_tim.o
 .text.TIM_TI2_ConfigInputStage
                0x08002a86       0x28 build/stm32f4xx_hal_tim.o
 .text.TIM_ITRx_SetConfig
                0x08002aae       0x10 build/stm32f4xx_hal_tim.o
 *fill*         0x08002abe        0x2 
 .text.HAL_TIM_Base_Start_IT
                0x08002ac0       0x84 build/stm32f4xx_hal_tim.o
                0x08002ac0                HAL_TIM_Base_Start_IT
 .text.HAL_TIM_PWM_MspInit
                0x08002b44        0x2 build/stm32f4xx_hal_tim.o
                0x08002b44                HAL_TIM_PWM_MspInit
 .text.HAL_TIM_OC_DelayElapsedCallback
                0x08002b46        0x2 build/stm32f4xx_hal_tim.o
                0x08002b46                HAL_TIM_OC_DelayElapsedCallback
 .text.HAL_TIM_IC_CaptureCallback
                0x08002b48        0x2 build/stm32f4xx_hal_tim.o
                0x08002b48                HAL_TIM_IC_CaptureCallback
 .text.HAL_TIM_PWM_PulseFinishedCallback
                0x08002b4a        0x2 build/stm32f4xx_hal_tim.o
                0x08002b4a                HAL_TIM_PWM_PulseFinishedCallback
 .text.HAL_TIM_TriggerCallback
                0x08002b4c        0x2 build/stm32f4xx_hal_tim.o
                0x08002b4c                HAL_TIM_TriggerCallback
 .text.HAL_TIM_IRQHandler
                0x08002b4e      0x15e build/stm32f4xx_hal_tim.o
                0x08002b4e                HAL_TIM_IRQHandler
 .text.TIM_Base_SetConfig
                0x08002cac       0xd0 build/stm32f4xx_hal_tim.o
                0x08002cac                TIM_Base_SetConfig
 .text.HAL_TIM_Base_Init
                0x08002d7c       0x58 build/stm32f4xx_hal_tim.o
                0x08002d7c                HAL_TIM_Base_Init
 .text.HAL_TIM_PWM_Init
                0x08002dd4       0x58 build/stm32f4xx_hal_tim.o
                0x08002dd4                HAL_TIM_PWM_Init
 .text.TIM_OC2_SetConfig
                0x08002e2c       0x70 build/stm32f4xx_hal_tim.o
                0x08002e2c                TIM_OC2_SetConfig
 .text.HAL_TIM_PWM_ConfigChannel
                0x08002e9c       0xdc build/stm32f4xx_hal_tim.o
                0x08002e9c                HAL_TIM_PWM_ConfigChannel
 .text.TIM_ETR_SetConfig
                0x08002f78       0x1a build/stm32f4xx_hal_tim.o
                0x08002f78                TIM_ETR_SetConfig
 .text.HAL_TIM_ConfigClockSource
                0x08002f92       0xfe build/stm32f4xx_hal_tim.o
                0x08002f92                HAL_TIM_ConfigClockSource
 .text.TIM_CCxChannelCmd
                0x08003090       0x1e build/stm32f4xx_hal_tim.o
                0x08003090                TIM_CCxChannelCmd
 *fill*         0x080030ae        0x2 
 .text.HAL_TIM_PWM_Start_IT
                0x080030b0      0x16c build/stm32f4xx_hal_tim.o
                0x080030b0                HAL_TIM_PWM_Start_IT
 .text.HAL_TIM_PWM_Stop_IT
                0x0800321c       0xdc build/stm32f4xx_hal_tim.o
                0x0800321c                HAL_TIM_PWM_Stop_IT
 .text.HAL_TIMEx_MasterConfigSynchronization
                0x080032f8       0x8c build/stm32f4xx_hal_tim_ex.o
                0x080032f8                HAL_TIMEx_MasterConfigSynchronization
 .text.HAL_TIMEx_CommutCallback
                0x08003384        0x2 build/stm32f4xx_hal_tim_ex.o
                0x08003384                HAL_TIMEx_CommutCallback
 .text.HAL_TIMEx_BreakCallback
                0x08003386        0x2 build/stm32f4xx_hal_tim_ex.o
                0x08003386                HAL_TIMEx_BreakCallback
 .text.ADC_Init
                0x08003388      0x134 build/stm32f4xx_hal_adc.o
 .text.HAL_ADC_Init
                0x080034bc       0x56 build/stm32f4xx_hal_adc.o
                0x080034bc                HAL_ADC_Init
 *fill*         0x08003512        0x2 
 .text.HAL_ADC_ConfigChannel
                0x08003514      0x194 build/stm32f4xx_hal_adc.o
                0x08003514                HAL_ADC_ConfigChannel
 .text.HAL_RCC_OscConfig
                0x080036a8      0x3f8 build/stm32f4xx_hal_rcc.o
                0x080036a8                HAL_RCC_OscConfig
 .text.HAL_RCC_GetSysClockFreq
                0x08003aa0       0xdc build/stm32f4xx_hal_rcc.o
                0x08003aa0                HAL_RCC_GetSysClockFreq
 .text.HAL_RCC_ClockConfig
                0x08003b7c      0x160 build/stm32f4xx_hal_rcc.o
                0x08003b7c                HAL_RCC_ClockConfig
 .text.HAL_RCC_GetHCLKFreq
                0x08003cdc        0xc build/stm32f4xx_hal_rcc.o
                0x08003cdc                HAL_RCC_GetHCLKFreq
 .text.HAL_RCC_GetPCLK1Freq
                0x08003ce8       0x20 build/stm32f4xx_hal_rcc.o
                0x08003ce8                HAL_RCC_GetPCLK1Freq
 .text.HAL_RCC_GetPCLK2Freq
                0x08003d08       0x20 build/stm32f4xx_hal_rcc.o
                0x08003d08                HAL_RCC_GetPCLK2Freq
 .text.HAL_RCC_GetClockConfig
                0x08003d28       0x3c build/stm32f4xx_hal_rcc.o
                0x08003d28                HAL_RCC_GetClockConfig
 .text.HAL_RCCEx_PeriphCLKConfig
                0x08003d64      0x154 build/stm32f4xx_hal_rcc_ex.o
                0x08003d64                HAL_RCCEx_PeriphCLKConfig
 .text.HAL_GPIO_Init
                0x08003eb8      0x1ec build/stm32f4xx_hal_gpio.o
                0x08003eb8                HAL_GPIO_Init
 .text.HAL_GPIO_DeInit
                0x080040a4      0x134 build/stm32f4xx_hal_gpio.o
                0x080040a4                HAL_GPIO_DeInit
 .text.HAL_GPIO_ReadPin
                0x080041d8        0xe build/stm32f4xx_hal_gpio.o
                0x080041d8                HAL_GPIO_ReadPin
 .text.HAL_GPIO_WritePin
                0x080041e6        0xc build/stm32f4xx_hal_gpio.o
                0x080041e6                HAL_GPIO_WritePin
 *fill*         0x080041f2        0x2 
 .text.DMA_CalcBaseAndBitshift
                0x080041f4       0x3c build/stm32f4xx_hal_dma.o
 .text.DMA_CheckFifoParam
                0x08004230       0x8e build/stm32f4xx_hal_dma.o
 *fill*         0x080042be        0x2 
 .text.HAL_DMA_Init
                0x080042c0       0xcc build/stm32f4xx_hal_dma.o
                0x080042c0                HAL_DMA_Init
 .text.HAL_DMA_Abort
                0x0800438c       0x92 build/stm32f4xx_hal_dma.o
                0x0800438c                HAL_DMA_Abort
 .text.HAL_DMA_Abort_IT
                0x0800441e       0x24 build/stm32f4xx_hal_dma.o
                0x0800441e                HAL_DMA_Abort_IT
 *fill*         0x08004442        0x2 
 .text.HAL_DMA_IRQHandler
                0x08004444      0x1dc build/stm32f4xx_hal_dma.o
                0x08004444                HAL_DMA_IRQHandler
 .text.__NVIC_EnableIRQ
                0x08004620       0x1c build/stm32f4xx_hal_cortex.o
 .text.__NVIC_SetPriority
                0x0800463c       0x28 build/stm32f4xx_hal_cortex.o
 .text.NVIC_EncodePriority
                0x08004664       0x3e build/stm32f4xx_hal_cortex.o
 *fill*         0x080046a2        0x2 
 .text.HAL_NVIC_SetPriorityGrouping
                0x080046a4       0x24 build/stm32f4xx_hal_cortex.o
                0x080046a4                HAL_NVIC_SetPriorityGrouping
 .text.HAL_NVIC_SetPriority
                0x080046c8       0x20 build/stm32f4xx_hal_cortex.o
                0x080046c8                HAL_NVIC_SetPriority
 .text.HAL_NVIC_EnableIRQ
                0x080046e8        0x8 build/stm32f4xx_hal_cortex.o
                0x080046e8                HAL_NVIC_EnableIRQ
 .text.HAL_Init
                0x080046f0       0x34 build/stm32f4xx_hal.o
                0x080046f0                HAL_Init
 .text.HAL_IncTick
                0x08004724       0x18 build/stm32f4xx_hal.o
                0x08004724                HAL_IncTick
 .text.HAL_GetTick
                0x0800473c        0xc build/stm32f4xx_hal.o
                0x0800473c                HAL_GetTick
 .text.HAL_DAC_Init
                0x08004748       0x24 build/stm32f4xx_hal_dac.o
                0x08004748                HAL_DAC_Init
 .text.HAL_DAC_ConfigChannel
                0x0800476c       0x62 build/stm32f4xx_hal_dac.o
                0x0800476c                HAL_DAC_ConfigChannel
 .text.I2C_IsAcknowledgeFailed
                0x080047ce       0x32 build/stm32f4xx_hal_i2c.o
 .text.I2C_WaitOnFlagUntilTimeout
                0x08004800       0xaa build/stm32f4xx_hal_i2c.o
 .text.I2C_WaitOnMasterAddressFlagUntilTimeout
                0x080048aa       0xd6 build/stm32f4xx_hal_i2c.o
 .text.I2C_WaitOnTXEFlagUntilTimeout
                0x08004980       0x5e build/stm32f4xx_hal_i2c.o
 *fill*         0x080049de        0x2 
 .text.I2C_RequestMemoryWrite
                0x080049e0       0xd8 build/stm32f4xx_hal_i2c.o
 .text.I2C_RequestMemoryRead
                0x08004ab8      0x154 build/stm32f4xx_hal_i2c.o
 .text.I2C_WaitOnBTFFlagUntilTimeout
                0x08004c0c       0x5e build/stm32f4xx_hal_i2c.o
 .text.I2C_WaitOnRXNEFlagUntilTimeout
                0x08004c6a       0x78 build/stm32f4xx_hal_i2c.o
 *fill*         0x08004ce2        0x2 
 .text.HAL_I2C_Init
                0x08004ce4      0x1bc build/stm32f4xx_hal_i2c.o
                0x08004ce4                HAL_I2C_Init
 .text.HAL_I2C_DeInit
                0x08004ea0       0x32 build/stm32f4xx_hal_i2c.o
                0x08004ea0                HAL_I2C_DeInit
 *fill*         0x08004ed2        0x2 
 .text.HAL_I2C_Mem_Write
                0x08004ed4      0x160 build/stm32f4xx_hal_i2c.o
                0x08004ed4                HAL_I2C_Mem_Write
 .text.HAL_I2C_Mem_Read
                0x08005034      0x2f8 build/stm32f4xx_hal_i2c.o
                0x08005034                HAL_I2C_Mem_Read
 .text.HAL_I2C_GetState
                0x0800532c        0x6 build/stm32f4xx_hal_i2c.o
                0x0800532c                HAL_I2C_GetState
 .text.HAL_I2C_GetError
                0x08005332        0x4 build/stm32f4xx_hal_i2c.o
                0x08005332                HAL_I2C_GetError
 *fill*         0x08005336        0x2 
 .text.HAL_RTC_WaitForSynchro
                0x08005338       0x34 build/stm32f4xx_hal_rtc.o
                0x08005338                HAL_RTC_WaitForSynchro
 .text.RTC_EnterInitMode
                0x0800536c       0x46 build/stm32f4xx_hal_rtc.o
                0x0800536c                RTC_EnterInitMode
 .text.RTC_ExitInitMode
                0x080053b2       0x2a build/stm32f4xx_hal_rtc.o
                0x080053b2                RTC_ExitInitMode
 .text.HAL_RTC_Init
                0x080053dc       0x9e build/stm32f4xx_hal_rtc.o
                0x080053dc                HAL_RTC_Init
 .text.RTC_ByteToBcd2
                0x0800547a       0x16 build/stm32f4xx_hal_rtc.o
                0x0800547a                RTC_ByteToBcd2
 .text.HAL_RTC_SetTime
                0x08005490       0xc0 build/stm32f4xx_hal_rtc.o
                0x08005490                HAL_RTC_SetTime
 .text.HAL_RTC_SetDate
                0x08005550       0x9c build/stm32f4xx_hal_rtc.o
                0x08005550                HAL_RTC_SetDate
 .text.HAL_RTC_SetAlarm
                0x080055ec      0x178 build/stm32f4xx_hal_rtc.o
                0x080055ec                HAL_RTC_SetAlarm
 .text.RTC_Bcd2ToByte
                0x08005764       0x12 build/stm32f4xx_hal_rtc.o
                0x08005764                RTC_Bcd2ToByte
 .text.HAL_RTC_GetTime
                0x08005776       0x4c build/stm32f4xx_hal_rtc.o
                0x08005776                HAL_RTC_GetTime
 .text.HAL_RTC_GetDate
                0x080057c2       0x3c build/stm32f4xx_hal_rtc.o
                0x080057c2                HAL_RTC_GetDate
 .text.HAL_RTCEx_BKUPWrite
                0x080057fe        0xa build/stm32f4xx_hal_rtc_ex.o
                0x080057fe                HAL_RTCEx_BKUPWrite
 .text.HAL_RTCEx_BKUPRead
                0x08005808        0xa build/stm32f4xx_hal_rtc_ex.o
                0x08005808                HAL_RTCEx_BKUPRead
 *fill*         0x08005812        0x2 
 .text.SPI_WaitFlagStateUntilTimeout
                0x08005814       0xc8 build/stm32f4xx_hal_spi.o
 .text.SPI_EndRxTxTransaction
                0x080058dc       0x80 build/stm32f4xx_hal_spi.o
 .text.HAL_SPI_Init
                0x0800595c       0xbe build/stm32f4xx_hal_spi.o
                0x0800595c                HAL_SPI_Init
 .text.HAL_SPI_TransmitReceive
                0x08005a1a      0x252 build/stm32f4xx_hal_spi.o
                0x08005a1a                HAL_SPI_TransmitReceive
 .text.UART_EndRxTransfer
                0x08005c6c       0x5c build/stm32f4xx_hal_uart.o
 .text.UART_Transmit_IT
                0x08005cc8       0x5e build/stm32f4xx_hal_uart.o
 *fill*         0x08005d26        0x2 
 .text.UART_SetConfig
                0x08005d28      0x110 build/stm32f4xx_hal_uart.o
 .text.UART_WaitOnFlagUntilTimeout
                0x08005e38       0x86 build/stm32f4xx_hal_uart.o
 .text.HAL_UART_Init
                0x08005ebe       0x60 build/stm32f4xx_hal_uart.o
                0x08005ebe                HAL_UART_Init
 .text.HAL_UART_Transmit
                0x08005f1e       0xca build/stm32f4xx_hal_uart.o
                0x08005f1e                HAL_UART_Transmit
 .text.HAL_UART_TxCpltCallback
                0x08005fe8        0x2 build/stm32f4xx_hal_uart.o
                0x08005fe8                HAL_UART_TxCpltCallback
 .text.UART_EndTransmit_IT
                0x08005fea       0x1a build/stm32f4xx_hal_uart.o
 .text.HAL_UART_RxCpltCallback
                0x08006004        0x2 build/stm32f4xx_hal_uart.o
                0x08006004                HAL_UART_RxCpltCallback
 .text.HAL_UART_ErrorCallback
                0x08006006        0x2 build/stm32f4xx_hal_uart.o
                0x08006006                HAL_UART_ErrorCallback
 .text.UART_DMAAbortOnError
                0x08006008        0xe build/stm32f4xx_hal_uart.o
 .text.HAL_UART_AbortReceiveCpltCallback
                0x08006016        0x2 build/stm32f4xx_hal_uart.o
                0x08006016                HAL_UART_AbortReceiveCpltCallback
 .text.HAL_UART_AbortReceive_IT
                0x08006018       0xbc build/stm32f4xx_hal_uart.o
                0x08006018                HAL_UART_AbortReceive_IT
 .text.UART_DMARxOnlyAbortCallback
                0x080060d4       0x16 build/stm32f4xx_hal_uart.o
 .text.UART_Receive_IT
                0x080060ea       0xe4 build/stm32f4xx_hal_uart.o
 *fill*         0x080061ce        0x2 
 .text.HAL_UART_IRQHandler
                0x080061d0      0x2a0 build/stm32f4xx_hal_uart.o
                0x080061d0                HAL_UART_IRQHandler
 .text.UART_Start_Receive_IT
                0x08006470       0x36 build/stm32f4xx_hal_uart.o
                0x08006470                UART_Start_Receive_IT
 .text.HAL_UART_Receive_IT
                0x080064a6       0x24 build/stm32f4xx_hal_uart.o
                0x080064a6                HAL_UART_Receive_IT
 .text.HAL_UARTEx_ReceiveToIdle_IT
                0x080064ca       0x64 build/stm32f4xx_hal_uart.o
                0x080064ca                HAL_UARTEx_ReceiveToIdle_IT
 *fill*         0x0800652e        0x2 
 .text.SystemInit
                0x08006530       0x14 build/system_stm32f4xx.o
                0x08006530                SystemInit
 .text.vListInitialise
                0x08006544       0x16 build/list.o
                0x08006544                vListInitialise
 .text.vListInitialiseItem
                0x0800655a        0x6 build/list.o
                0x0800655a                vListInitialiseItem
 .text.vListInsertEnd
                0x08006560       0x16 build/list.o
                0x08006560                vListInsertEnd
 .text.vListInsert
                0x08006576       0x32 build/list.o
                0x08006576                vListInsert
 .text.uxListRemove
                0x080065a8       0x26 build/list.o
                0x080065a8                uxListRemove
 .text.prvIsQueueFull
                0x080065ce       0x1e build/queue.o
 .text.prvIsQueueEmpty
                0x080065ec       0x1a build/queue.o
 .text.prvCopyDataToQueue
                0x08006606       0x76 build/queue.o
 .text.prvCopyDataFromQueue
                0x0800667c       0x24 build/queue.o
 .text.prvUnlockQueue
                0x080066a0       0x6e build/queue.o
 .text.xQueueGenericReset
                0x0800670e       0x84 build/queue.o
                0x0800670e                xQueueGenericReset
 .text.prvInitialiseNewQueue
                0x08006792       0x22 build/queue.o
 .text.xQueueGenericCreateStatic
                0x080067b4       0x94 build/queue.o
                0x080067b4                xQueueGenericCreateStatic
 .text.xQueueGenericCreate
                0x08006848       0x48 build/queue.o
                0x08006848                xQueueGenericCreate
 .text.xQueueGenericSend
                0x08006890      0x188 build/queue.o
                0x08006890                xQueueGenericSend
 .text.xQueueGenericSendFromISR
                0x08006a18       0xce build/queue.o
                0x08006a18                xQueueGenericSendFromISR
 .text.xQueueReceive
                0x08006ae6      0x15e build/queue.o
                0x08006ae6                xQueueReceive
 .text.xQueueReceiveFromISR
                0x08006c44       0xae build/queue.o
                0x08006c44                xQueueReceiveFromISR
 *fill*         0x08006cf2        0x2 
 .text.vQueueAddToRegistry
                0x08006cf4       0x28 build/queue.o
                0x08006cf4                vQueueAddToRegistry
 .text.vQueueWaitForMessageRestricted
                0x08006d1c       0x52 build/queue.o
                0x08006d1c                vQueueWaitForMessageRestricted
 *fill*         0x08006d6e        0x2 
 .text.prvResetNextTaskUnblockTime
                0x08006d70       0x2c build/tasks.o
 .text.prvInitialiseNewTask
                0x08006d9c       0xa2 build/tasks.o
 *fill*         0x08006e3e        0x2 
 .text.prvInitialiseTaskLists
                0x08006e40       0x68 build/tasks.o
 .text.prvAddNewTaskToReadyList
                0x08006ea8       0xac build/tasks.o
 .text.prvDeleteTCB
                0x08006f54       0x38 build/tasks.o
 .text.prvCheckTasksWaitingTermination
                0x08006f8c       0x4c build/tasks.o
 .text.prvIdleTask
                0x08006fd8       0x28 build/tasks.o
 .text.prvAddCurrentTaskToDelayedList
                0x08007000       0x7c build/tasks.o
 .text.xTaskCreateStatic
                0x0800707c       0x76 build/tasks.o
                0x0800707c                xTaskCreateStatic
 .text.xTaskCreate
                0x080070f2       0x64 build/tasks.o
                0x080070f2                xTaskCreate
 *fill*         0x08007156        0x2 
 .text.vTaskStartScheduler
                0x08007158       0x98 build/tasks.o
                0x08007158                vTaskStartScheduler
 .text.vTaskSuspendAll
                0x080071f0       0x10 build/tasks.o
                0x080071f0                vTaskSuspendAll
 .text.xTaskGetTickCount
                0x08007200        0xc build/tasks.o
                0x08007200                xTaskGetTickCount
 .text.xTaskGetTickCountFromISR
                0x0800720c       0x10 build/tasks.o
                0x0800720c                xTaskGetTickCountFromISR
 .text.xTaskIncrementTick
                0x0800721c      0x118 build/tasks.o
                0x0800721c                xTaskIncrementTick
 .text.xTaskResumeAll
                0x08007334       0xf8 build/tasks.o
                0x08007334                xTaskResumeAll
 .text.vTaskDelay
                0x0800742c       0x4c build/tasks.o
                0x0800742c                vTaskDelay
 .text.vTaskSwitchContext
                0x08007478       0x98 build/tasks.o
                0x08007478                vTaskSwitchContext
 .text.vTaskPlaceOnEventList
                0x08007510       0x30 build/tasks.o
                0x08007510                vTaskPlaceOnEventList
 .text.vTaskPlaceOnEventListRestricted
                0x08007540       0x38 build/tasks.o
                0x08007540                vTaskPlaceOnEventListRestricted
 .text.xTaskRemoveFromEventList
                0x08007578       0x8c build/tasks.o
                0x08007578                xTaskRemoveFromEventList
 .text.vTaskInternalSetTimeOutState
                0x08007604       0x18 build/tasks.o
                0x08007604                vTaskInternalSetTimeOutState
 .text.xTaskCheckForTimeOut
                0x0800761c       0x88 build/tasks.o
                0x0800761c                xTaskCheckForTimeOut
 .text.vTaskMissedYield
                0x080076a4        0xc build/tasks.o
                0x080076a4                vTaskMissedYield
 .text.xTaskGetCurrentTaskHandle
                0x080076b0        0xc build/tasks.o
                0x080076b0                xTaskGetCurrentTaskHandle
 .text.xTaskGetSchedulerState
                0x080076bc       0x20 build/tasks.o
                0x080076bc                xTaskGetSchedulerState
 .text.xTaskPriorityDisinherit
                0x080076dc       0x90 build/tasks.o
                0x080076dc                xTaskPriorityDisinherit
 .text.xTaskNotifyWait
                0x0800776c       0x94 build/tasks.o
                0x0800776c                xTaskNotifyWait
 .text.xTaskGenericNotify
                0x08007800       0xf8 build/tasks.o
                0x08007800                xTaskGenericNotify
 .text.xTaskGenericNotifyFromISR
                0x080078f8      0x128 build/tasks.o
                0x080078f8                xTaskGenericNotifyFromISR
 .text.prvGetNextExpireTime
                0x08007a20       0x20 build/timers.o
 .text.prvInsertTimerInActiveList
                0x08007a40       0x48 build/timers.o
 .text.prvCheckForValidListAndQueue
                0x08007a88       0x70 build/timers.o
 .text.xTimerCreateTimerTask
                0x08007af8       0x64 build/timers.o
                0x08007af8                xTimerCreateTimerTask
 .text.xTimerGenericCommand
                0x08007b5c       0x6c build/timers.o
                0x08007b5c                xTimerGenericCommand
 .text.prvSwitchTimerLists
                0x08007bc8       0x7c build/timers.o
 .text.prvSampleTimeNow
                0x08007c44       0x2c build/timers.o
 .text.prvProcessExpiredTimer
                0x08007c70       0x6c build/timers.o
 .text.prvProcessTimerOrBlockTask
                0x08007cdc       0x74 build/timers.o
 .text.prvProcessReceivedCommands
                0x08007d50      0x10c build/timers.o
 .text.prvTimerTask
                0x08007e5c       0x16 build/timers.o
 .text.SysTick_Handler
                0x08007e72       0x18 build/cmsis_os2.o
                0x08007e72                SysTick_Handler
 *fill*         0x08007e8a        0x2 
 .text.osKernelInitialize
                0x08007e8c       0x24 build/cmsis_os2.o
                0x08007e8c                osKernelInitialize
 .text.osKernelStart
                0x08007eb0       0x38 build/cmsis_os2.o
                0x08007eb0                osKernelStart
 .text.osKernelGetTickCount
                0x08007ee8       0x14 build/cmsis_os2.o
                0x08007ee8                osKernelGetTickCount
 .text.osThreadNew
                0x08007efc       0xb4 build/cmsis_os2.o
                0x08007efc                osThreadNew
 .text.osThreadFlagsSet
                0x08007fb0       0x72 build/cmsis_os2.o
                0x08007fb0                osThreadFlagsSet
 .text.osThreadFlagsClear
                0x08008022       0x56 build/cmsis_os2.o
                0x08008022                osThreadFlagsClear
 .text.osThreadFlagsWait
                0x08008078       0xaa build/cmsis_os2.o
                0x08008078                osThreadFlagsWait
 .text.osDelay  0x08008122       0x1c build/cmsis_os2.o
                0x08008122                osDelay
 .text.osMessageQueueNew
                0x0800813e       0x96 build/cmsis_os2.o
                0x0800813e                osMessageQueueNew
 .text.osMessageQueuePut
                0x080081d4       0x84 build/cmsis_os2.o
                0x080081d4                osMessageQueuePut
 .text.osMessageQueueGet
                0x08008258       0x82 build/cmsis_os2.o
                0x08008258                osMessageQueueGet
 *fill*         0x080082da        0x2 
 .text.vApplicationGetIdleTaskMemory
                0x080082dc       0x18 build/cmsis_os2.o
                0x080082dc                vApplicationGetIdleTaskMemory
 .text.vApplicationGetTimerTaskMemory
                0x080082f4       0x18 build/cmsis_os2.o
                0x080082f4                vApplicationGetTimerTaskMemory
 .text.prvHeapInit
                0x0800830c       0x64 build/heap_4.o
 .text.prvInsertBlockIntoFreeList
                0x08008370       0x64 build/heap_4.o
 .text.pvPortMalloc
                0x080083d4      0x104 build/heap_4.o
                0x080083d4                pvPortMalloc
 .text.vPortFree
                0x080084d8       0x7c build/heap_4.o
                0x080084d8                vPortFree
 .text.prvTaskExitError
                0x08008554       0x40 build/port.o
 .text.prvPortStartFirstTask
                0x08008594       0x28 build/port.o
 .text.vPortEnableVFP
                0x080085bc       0x14 build/port.o
 .text.pxPortInitialiseStack
                0x080085d0       0x2c build/port.o
                0x080085d0                pxPortInitialiseStack
 *fill*         0x080085fc        0x4 
 .text.SVC_Handler
                0x08008600       0x24 build/port.o
                0x08008600                SVC_Handler
 .text.vPortEnterCritical
                0x08008624       0x44 build/port.o
                0x08008624                vPortEnterCritical
 .text.vPortExitCritical
                0x08008668       0x2c build/port.o
                0x08008668                vPortExitCritical
 *fill*         0x08008694        0xc 
 .text.PendSV_Handler
                0x080086a0       0x64 build/port.o
                0x080086a0                PendSV_Handler
 .text.xPortSysTickHandler
                0x08008704       0x2c build/port.o
                0x08008704                xPortSysTickHandler
 .text.vPortSetupTimerInterrupt
                0x08008730       0x28 build/port.o
                0x08008730                vPortSetupTimerInterrupt
 .text.xPortStartScheduler
                0x08008758      0x118 build/port.o
                0x08008758                xPortStartScheduler
 .text.vPortValidateInterruptPriority
                0x08008870       0x5c build/port.o
                0x08008870                vPortValidateInterruptPriority
 .text._sbrk    0x080088cc       0x48 build/sysmem.o
                0x080088cc                _sbrk
 .text._getpid  0x08008914        0x4 build/syscalls.o
                0x08008914                _getpid
 .text._kill    0x08008918       0x10 build/syscalls.o
                0x08008918                _kill
 .text._exit    0x08008928        0xc build/syscalls.o
                0x08008928                _exit
 .text._read    0x08008934       0x20 build/syscalls.o
                0x08008934                _read
 .text._close   0x08008954        0x6 build/syscalls.o
                0x08008954                _close
 .text._fstat   0x0800895a        0xa build/syscalls.o
                0x0800895a                _fstat
 .text._isatty  0x08008964        0x4 build/syscalls.o
                0x08008964                _isatty
 .text._lseek   0x08008968        0x4 build/syscalls.o
                0x08008968                _lseek
 .text.LED_SetLeds
                0x0800896c       0x60 build/led.o
                0x0800896c                LED_SetLeds
 .text.LED_Init
                0x080089cc       0x30 build/led.o
                0x080089cc                LED_Init
 .text.LED_On   0x080089fc       0x28 build/led.o
                0x080089fc                LED_On
 .text.Key_Init
                0x08008a24       0x30 build/key.o
                0x08008a24                Key_Init
 .text.Key_Scan
                0x08008a54      0x140 build/key.o
                0x08008a54                Key_Scan
 .text.Key_IsShortPressed
                0x08008b94       0x38 build/key.o
                0x08008b94                Key_IsShortPressed
 .text.Key_IsLongPressed
                0x08008bcc       0x38 build/key.o
                0x08008bcc                Key_IsLongPressed
 .text.Key_AnyPressed
                0x08008c04       0x34 build/key.o
                0x08008c04                Key_AnyPressed
 .text.Key_ClearAllEvents
                0x08008c38       0x24 build/key.o
                0x08008c38                Key_ClearAllEvents
 .text.delay_us_init
                0x08008c5c       0x38 build/delay_us.o
                0x08008c5c                delay_us_init
 .text.delay_us
                0x08008c94       0x2c build/delay_us.o
                0x08008c94                delay_us
 .text.ResetDS18B20
                0x08008cc0       0x84 build/ds18B20.o
                0x08008cc0                ResetDS18B20
 .text.DS18B20WriteByte
                0x08008d44       0x60 build/ds18B20.o
                0x08008d44                DS18B20WriteByte
 .text.DS18B20ReadByte
                0x08008da4       0x78 build/ds18B20.o
                0x08008da4                DS18B20ReadByte
 .text.DS18B20Init
                0x08008e1c       0x4c build/ds18B20.o
                0x08008e1c                DS18B20Init
 .text.DS18B20StartConvert
                0x08008e68       0x14 build/ds18B20.o
                0x08008e68                DS18B20StartConvert
 .text.DS18B20_Configuration
                0x08008e7c       0x44 build/ds18B20.o
                0x08008e7c                DS18B20_Configuration
 .text.ds18b20_init
                0x08008ec0       0x1e build/ds18B20.o
                0x08008ec0                ds18b20_init
 *fill*         0x08008ede        0x2 
 .text.ds18b20_read
                0x08008ee0       0x40 build/ds18B20.o
                0x08008ee0                ds18b20_read
 .text.DecToBcd
                0x08008f20       0x20 build/esp01s.o
 .text.DateTimeToUnix
                0x08008f40      0x100 build/esp01s.o
 .text.UnixToDateTime
                0x08009040      0x144 build/esp01s.o
 .text.ESP01S_ParseUdpNtpData
                0x08009184       0xc8 build/esp01s.o
 .text.ParseWeekday
                0x0800924c       0x94 build/esp01s.o
 .text.ESP01S_ProcessATResponse
                0x080092e0      0x4ac build/esp01s.o
 .text.ESP01S_RxCallback
                0x0800978c       0xce build/esp01s.o
 *fill*         0x0800985a        0x2 
 .text.ESP01S_JsonExtractString
                0x0800985c       0xd8 build/esp01s.o
 .text.ESP01S_Init
                0x08009934       0x3c build/esp01s.o
                0x08009934                ESP01S_Init
 .text.ESP01S_SendATCmd
                0x08009970       0x24 build/esp01s.o
                0x08009970                ESP01S_SendATCmd
 .text.ESP01S_RestoreTcpTransparent
                0x08009994       0xcc build/esp01s.o
 .text.ESP01S_ExitTransparent
                0x08009a60       0x3c build/esp01s.o
                0x08009a60                ESP01S_ExitTransparent
 .text.ESP01S_SyncNtpTime
                0x08009a9c      0x144 build/esp01s.o
                0x08009a9c                ESP01S_SyncNtpTime
 .text.ESP01S_Start
                0x08009be0      0x140 build/esp01s.o
                0x08009be0                ESP01S_Start
 .text.ESP01S_IsNtpSynced
                0x08009d20        0xc build/esp01s.o
                0x08009d20                ESP01S_IsNtpSynced
 .text.ESP01S_IsWiFiConnected
                0x08009d2c       0x14 build/esp01s.o
                0x08009d2c                ESP01S_IsWiFiConnected
 .text.ESP01S_SetRtcFromNtp
                0x08009d40      0x13c build/esp01s.o
                0x08009d40                ESP01S_SetRtcFromNtp
 .text.ESP01S_QueryWeather
                0x08009e7c      0x3a8 build/esp01s.o
                0x08009e7c                ESP01S_QueryWeather
 .text.MIDI_Init
                0x0800a224       0x3c build/midi.o
                0x0800a224                MIDI_Init
 .text.MIDI_Beep
                0x0800a260      0x1d8 build/midi.o
                0x0800a260                MIDI_Beep
 .text.MIDI_TimerCallback
                0x0800a438       0x34 build/midi.o
                0x0800a438                MIDI_TimerCallback
 .text.HexToByte
                0x0800a46c       0x6e build/NFC.o
 .text.ParseHex32
                0x0800a4da       0x2c build/NFC.o
 *fill*         0x0800a506        0x2 
 .text.NFC_CmdImageBlock
                0x0800a508       0x44 build/NFC.o
 .text.UIDToStr
                0x0800a54c       0x24 build/NFC.o
 .text.NFC_CmdRead
                0x0800a570       0xa0 build/NFC.o
 .text.NFC_ScanCard
                0x0800a610        0x8 build/NFC.o
                0x0800a610                NFC_ScanCard
 .text.NFC_WaitCardOff
                0x0800a618        0x8 build/NFC.o
                0x0800a618                NFC_WaitCardOff
 .text.NFC_Recover
                0x0800a620       0x14 build/NFC.o
                0x0800a620                NFC_Recover
 .text.NFC_CmdIssue
                0x0800a634      0x130 build/NFC.o
 .text.NFC_ReadCard
                0x0800a764      0x494 build/NFC.o
                0x0800a764                NFC_ReadCard
 .text.NFC_ReadCardHeader
                0x0800abf8      0x138 build/NFC.o
                0x0800abf8                NFC_ReadCardHeader
 .text.NFC_LockReader
                0x0800ad30       0x1c build/NFC.o
                0x0800ad30                NFC_LockReader
 .text.NFC_UnlockReader
                0x0800ad4c        0xc build/NFC.o
                0x0800ad4c                NFC_UnlockReader
 .text.NFC_IsReaderLocked
                0x0800ad58        0xc build/NFC.o
                0x0800ad58                NFC_IsReaderLocked
 .text.NFC_ClearCmdDone
                0x0800ad64        0xc build/NFC.o
                0x0800ad64                NFC_ClearCmdDone
 .text.NFC_IsCmdDone
                0x0800ad70        0xc build/NFC.o
                0x0800ad70                NFC_IsCmdDone
 .text.NFC_FlushCmdNotify
                0x0800ad7c       0x1c build/NFC.o
                0x0800ad7c                NFC_FlushCmdNotify
 .text.NFC_SetFullReread
                0x0800ad98        0xc build/NFC.o
                0x0800ad98                NFC_SetFullReread
 .text.NFC_IsFullRereadNeeded
                0x0800ada4        0xc build/NFC.o
                0x0800ada4                NFC_IsFullRereadNeeded
 .text.NFC_ClearFullReread
                0x0800adb0        0xc build/NFC.o
                0x0800adb0                NFC_ClearFullReread
 .text.NFC_ClearImageCache
                0x0800adbc       0x34 build/NFC.o
                0x0800adbc                NFC_ClearImageCache
 .text.NFC_CmdUpdateImg
                0x0800adf0      0x174 build/NFC.o
 .text.NFC_ProcessCommand
                0x0800af64      0x3a4 build/NFC.o
                0x0800af64                NFC_ProcessCommand
 .text.rc522_write_reg
                0x0800b308       0x38 build/rc522.o
 .text.rc522_read_reg
                0x0800b340       0x40 build/rc522.o
 .text.rc522_set_bit_mask
                0x0800b380       0x18 build/rc522.o
 .text.rc522_clear_bit_mask
                0x0800b398       0x1c build/rc522.o
 .text.rc522_calculate_crc
                0x0800b3b4       0x64 build/rc522.o
 .text.RC522_Reset
                0x0800b418       0x7c build/rc522.o
                0x0800b418                RC522_Reset
 .text.RC522_Init
                0x0800b494       0x88 build/rc522.o
                0x0800b494                RC522_Init
 .text.RC522_AntennaOn
                0x0800b51c       0x1a build/rc522.o
                0x0800b51c                RC522_AntennaOn
 *fill*         0x0800b536        0x2 
 .text.RC522_ConfigISOType
                0x0800b538       0x64 build/rc522.o
                0x0800b538                RC522_ConfigISOType
 .text.rc522_communicate
                0x0800b59c      0x154 build/rc522.o
 .text.RC522_Request
                0x0800b6f0       0x54 build/rc522.o
                0x0800b6f0                RC522_Request
 .text.RC522_Anticoll
                0x0800b744       0x7a build/rc522.o
                0x0800b744                RC522_Anticoll
 .text.RC522_Select
                0x0800b7be       0x6e build/rc522.o
                0x0800b7be                RC522_Select
 .text.RC522_AuthState
                0x0800b82c       0x6a build/rc522.o
                0x0800b82c                RC522_AuthState
 .text.RC522_Read
                0x0800b896       0x5a build/rc522.o
                0x0800b896                RC522_Read
 .text.RC522_Write
                0x0800b8f0       0xa2 build/rc522.o
                0x0800b8f0                RC522_Write
 .text.RC522_Halt
                0x0800b992       0x34 build/rc522.o
                0x0800b992                RC522_Halt
 *fill*         0x0800b9c6        0x2 
 .text.RC522_WaitCardOff
                0x0800b9c8       0x40 build/rc522.o
                0x0800b9c8                RC522_WaitCardOff
 .text.RC522_ReadBlock
                0x0800ba08       0x20 build/rc522.o
                0x0800ba08                RC522_ReadBlock
 .text.RC522_WriteBlock
                0x0800ba28       0x2a build/rc522.o
                0x0800ba28                RC522_WriteBlock
 .text.RC522_ScanCard
                0x0800ba52       0x2e build/rc522.o
                0x0800ba52                RC522_ScanCard
 .text.rst_control
                0x0800ba80       0x24 build/rc522_platform_stm32.o
 .text.cs_control
                0x0800baa4       0x24 build/rc522_platform_stm32.o
 .text.delay_ms
                0x0800bac8       0x1c build/rc522_platform_stm32.o
 .text.spi_transfer_byte
                0x0800bae4       0xa4 build/rc522_platform_stm32.o
 .text.RC522_Platform_Init
                0x0800bb88       0x24 build/rc522_platform_stm32.o
                0x0800bb88                RC522_Platform_Init
 .text.is_valid_utf8_sequence
                0x0800bbac      0x13c build/GUISlim.o
 .text.is_valid_gbk_sequence
                0x0800bce8       0x44 build/GUISlim.o
 .text.get_gbk_char_frequency_score
                0x0800bd2c       0x50 build/GUISlim.o
 .text.get_utf8_char_frequency_score
                0x0800bd7c       0x58 build/GUISlim.o
 .text.GUIPROP_FindChar
                0x0800bdd4       0x14 build/GUISlim.o
 .text._GotoY   0x0800bde8        0xc build/GUISlim.o
 .text._GotoX   0x0800bdf4        0xc build/GUISlim.o
 .text.DB2SJIS  0x0800be00        0x6 build/GUISlim.o
 .text._GetLineLen_SJIS
                0x0800be06       0x28 build/GUISlim.o
 .text._GetCharSize
                0x0800be2e        0x4 build/GUISlim.o
 .text.LCD_GetXSize
                0x0800be32        0x4 build/GUISlim.o
                0x0800be32                LCD_GetXSize
 .text.LCD_GetYSize
                0x0800be36        0x4 build/GUISlim.o
                0x0800be36                LCD_GetYSize
 .text.GUI_GetXSize
                0x0800be3a        0x8 build/GUISlim.o
                0x0800be3a                GUI_GetXSize
 .text.GUI_GetYSize
                0x0800be42        0x8 build/GUISlim.o
                0x0800be42                GUI_GetYSize
 *fill*         0x0800be4a        0x2 
 .text.GUI_Init
                0x0800be4c       0x44 build/GUISlim.o
                0x0800be4c                GUI_Init
 .text.GUI_SetFont
                0x0800be90       0x14 build/GUISlim.o
                0x0800be90                GUI_SetFont
 .text.detect_encoding_comprehensive
                0x0800bea4      0x1b8 build/GUISlim.o
                0x0800bea4                detect_encoding_comprehensive
 .text.detect_encoding_by_sequence
                0x0800c05c        0x8 build/GUISlim.o
                0x0800c05c                detect_encoding_by_sequence
 .text.DrawBitLine1BPP
                0x0800c064      0x160 build/GUISlim.o
                0x0800c064                DrawBitLine1BPP
 .text.LCD_L0_DrawBitmap1BPP
                0x0800c1c4       0x3a build/GUISlim.o
                0x0800c1c4                LCD_L0_DrawBitmap1BPP
 *fill*         0x0800c1fe        0x2 
 .text.LCD_DrawBitmap1BPP
                0x0800c200       0x94 build/GUISlim.o
                0x0800c200                LCD_DrawBitmap1BPP
 .text.GUIPROP_DispChar
                0x0800c294       0x8c build/GUISlim.o
                0x0800c294                GUIPROP_DispChar
 .text.GUIPROP_GetCharDistX
                0x0800c320       0x2c build/GUISlim.o
                0x0800c320                GUIPROP_GetCharDistX
 .text.GUIPROP_GetFontInfo
                0x0800c34c        0x6 build/GUISlim.o
                0x0800c34c                GUIPROP_GetFontInfo
 .text.GUIPROP_IsInFont
                0x0800c352       0x10 build/GUISlim.o
                0x0800c352                GUIPROP_IsInFont
 *fill*         0x0800c362        0x2 
 .text.GUI_GetFontDistY
                0x0800c364        0xc build/GUISlim.o
                0x0800c364                GUI_GetFontDistY
 .text.GUI_GetCharDistX
                0x0800c370       0x10 build/GUISlim.o
                0x0800c370                GUI_GetCharDistX
 .text._GetLineDistX_SJIS
                0x0800c380       0x48 build/GUISlim.o
 .text.GUI_DispNextLine
                0x0800c3c8       0x14 build/GUISlim.o
                0x0800c3c8                GUI_DispNextLine
 .text.GL_DispChar
                0x0800c3dc       0x20 build/GUISlim.o
                0x0800c3dc                GL_DispChar
 .text._DispLine_SJIS
                0x0800c3fc       0x32 build/GUISlim.o
 .text._DispLine
                0x0800c42e        0x8 build/GUISlim.o
 *fill*         0x0800c436        0x2 
 .text.GUI_GetYAdjust
                0x0800c438       0x3c build/GUISlim.o
                0x0800c438                GUI_GetYAdjust
 .text.GUI_GotoXY
                0x0800c474       0x16 build/GUISlim.o
                0x0800c474                GUI_GotoXY
 .text.GUI_ClearRect
                0x0800c48a       0x18 build/GUISlim.o
                0x0800c48a                GUI_ClearRect
 .text.GUI_Clear
                0x0800c4a2       0x22 build/GUISlim.o
                0x0800c4a2                GUI_Clear
 .text.GUI_UC__NumChars2NumBytes
                0x0800c4c4       0x1e build/GUISlim.o
                0x0800c4c4                GUI_UC__NumChars2NumBytes
 .text.GUI__GetLineNumChars
                0x0800c4e2        0x8 build/GUISlim.o
                0x0800c4e2                GUI__GetLineNumChars
 .text.GUI__GetLineDistX
                0x0800c4ea        0x8 build/GUISlim.o
                0x0800c4ea                GUI__GetLineDistX
 *fill*         0x0800c4f2        0x2 
 .text.GUI__DispLine
                0x0800c4f4       0x34 build/GUISlim.o
                0x0800c4f4                GUI__DispLine
 .text.GUI_SetTextAlign
                0x0800c528       0x10 build/GUISlim.o
                0x0800c528                GUI_SetTextAlign
 .text.GUI_Update
                0x0800c538        0x8 build/GUISlim.o
                0x0800c538                GUI_Update
 .text.GL_DrawBitmap
                0x0800c540       0x28 build/GUISlim.o
                0x0800c540                GL_DrawBitmap
 .text.GUI_DrawBitmap
                0x0800c568        0x8 build/GUISlim.o
                0x0800c568                GUI_DrawBitmap
 .text.LCD_DrawHLine
                0x0800c570       0x54 build/GUISlim.o
                0x0800c570                LCD_DrawHLine
 .text.GUI_FillRect
                0x0800c5c4       0x1e build/GUISlim.o
                0x0800c5c4                GUI_FillRect
 *fill*         0x0800c5e2        0x2 
 .text.GUI_SetColor
                0x0800c5e4       0x14 build/GUISlim.o
                0x0800c5e4                GUI_SetColor
 .text.utf8_string_to_gbk_with_table
                0x0800c5f8      0x108 build/GUISlim.o
                0x0800c5f8                utf8_string_to_gbk_with_table
 .text.mixed_string_to_gbk
                0x0800c700      0x1d8 build/GUISlim.o
                0x0800c700                mixed_string_to_gbk
 .text.GUI_DispString
                0x0800c8d8      0x144 build/GUISlim.o
                0x0800c8d8                GUI_DispString
 .text.GUI_DispStringAt
                0x0800ca1c       0x14 build/GUISlim.o
                0x0800ca1c                GUI_DispStringAt
 .text.GUI_DispStringHCenterAt
                0x0800ca30       0x30 build/GUISlim.o
                0x0800ca30                GUI_DispStringHCenterAt
 .text.OLED_WriteData
                0x0800ca60       0x2c build/ssd1306.o
 .text.OLED_WriteCmd
                0x0800ca8c       0x2c build/ssd1306.o
 .text.OLED_ReadData
                0x0800cab8       0x24 build/ssd1306.o
 .text.OLED_DetectChip
                0x0800cadc       0xaa build/ssd1306.o
                0x0800cadc                OLED_DetectChip
 *fill*         0x0800cb86        0x2 
 .text.OLED_SelfDetect
                0x0800cb88       0x24 build/ssd1306.o
                0x0800cb88                OLED_SelfDetect
 .text.SSD1306_WriteByte
                0x0800cbac       0x2c build/ssd1306.o
                0x0800cbac                SSD1306_WriteByte
 .text.SSD1306_WriteMuliByte
                0x0800cbd8       0x20 build/ssd1306.o
                0x0800cbd8                SSD1306_WriteMuliByte
 .text.SSD1306_UpdateScreen
                0x0800cbf8       0x74 build/ssd1306.o
                0x0800cbf8                SSD1306_UpdateScreen
 .text.SSD1306_Fill
                0x0800cc6c       0x1c build/ssd1306.o
                0x0800cc6c                SSD1306_Fill
 .text.SSD1306_init
                0x0800cc88      0x134 build/ssd1306.o
                0x0800cc88                SSD1306_init
 .text.SSD1306_DrawPixel
                0x0800cdbc       0x7c build/ssd1306.o
                0x0800cdbc                SSD1306_DrawPixel
 .text.SSD1306_DrawLine
                0x0800ce38      0x13c build/ssd1306.o
                0x0800ce38                SSD1306_DrawLine
 .text.SSD1306_DrawFilledRectangle
                0x0800cf74       0x5c build/ssd1306.o
                0x0800cf74                SSD1306_DrawFilledRectangle
 .text.BSP_RTC_SetDate
                0x0800cfd0       0x3c build/bsp_rtc.o
                0x0800cfd0                BSP_RTC_SetDate
 .text.BSP_RTC_SetTime
                0x0800d00c       0x34 build/bsp_rtc.o
                0x0800d00c                BSP_RTC_SetTime
 .text.BSP_RTC_SetDateTime
                0x0800d040       0x1e build/bsp_rtc.o
                0x0800d040                BSP_RTC_SetDateTime
 *fill*         0x0800d05e        0x2 
 .text.BSP_RTC_IsLeapYear
                0x0800d060       0x3c build/bsp_rtc.o
                0x0800d060                BSP_RTC_IsLeapYear
 .text.BSP_RTC_DaysInMonth
                0x0800d09c       0x2c build/bsp_rtc.o
                0x0800d09c                BSP_RTC_DaysInMonth
 .text.BSP_RTC_CalcWeekday
                0x0800d0c8       0x54 build/bsp_rtc.o
                0x0800d0c8                BSP_RTC_CalcWeekday
 .text.BSP_RTC_GetDateTime
                0x0800d11c       0x80 build/bsp_rtc.o
                0x0800d11c                BSP_RTC_GetDateTime
 .text.FindInstance
                0x0800d19c       0x30 build/uart_drv.o
 .text._write   0x0800d1cc       0x28 build/uart_drv.o
                0x0800d1cc                _write
 .text.UartDrv_Init
                0x0800d1f4       0x3c build/uart_drv.o
                0x0800d1f4                UartDrv_Init
 .text.UartDrv_StartRecv
                0x0800d230       0x34 build/uart_drv.o
                0x0800d230                UartDrv_StartRecv
 .text.UartDrv_Send
                0x0800d264       0x1e build/uart_drv.o
                0x0800d264                UartDrv_Send
 .text.UartDrv_SendStr
                0x0800d282       0x24 build/uart_drv.o
                0x0800d282                UartDrv_SendStr
 .text.UartDrv_RegisterRxCb
                0x0800d2a6       0x14 build/uart_drv.o
                0x0800d2a6                UartDrv_RegisterRxCb
 .text.UartDrv_RxEventDispatch
                0x0800d2ba       0x7a build/uart_drv.o
                0x0800d2ba                UartDrv_RxEventDispatch
 .text.UartDrv_SetDebugPort
                0x0800d334        0xc build/uart_drv.o
                0x0800d334                UartDrv_SetDebugPort
 .text.UartDrv_OnRxEvent
                0x0800d340        0x2 build/uart_drv.o
                0x0800d340                UartDrv_OnRxEvent
 .text.HAL_UARTEx_RxEventCallback
                0x0800d342       0x14 build/uart_drv.o
                0x0800d342                HAL_UARTEx_RxEventCallback
 *fill*         0x0800d356        0x2 
 .text.SPI1_SetSpeed
                0x0800d358       0x34 build/w25qxx.o
                0x0800d358                SPI1_SetSpeed
 .text.SPI1_ReadWriteByte
                0x0800d38c       0x2c build/w25qxx.o
                0x0800d38c                SPI1_ReadWriteByte
 .text.W25QXX_ReadSR
                0x0800d3b8       0x40 build/w25qxx.o
                0x0800d3b8                W25QXX_ReadSR
 .text.W25QXX_Write_Enable
                0x0800d3f8       0x24 build/w25qxx.o
                0x0800d3f8                W25QXX_Write_Enable
 .text.W25QXX_ReadID
                0x0800d41c       0x4c build/w25qxx.o
                0x0800d41c                W25QXX_ReadID
 .text.W25QXX_Init
                0x0800d468       0x24 build/w25qxx.o
                0x0800d468                W25QXX_Init
 .text.W25QXX_Read
                0x0800d48c       0x68 build/w25qxx.o
                0x0800d48c                W25QXX_Read
 .text.W25QXX_Wait_Busy
                0x0800d4f4       0x10 build/w25qxx.o
                0x0800d4f4                W25QXX_Wait_Busy
 .text.W25QXX_Write_Page
                0x0800d504       0x70 build/w25qxx.o
                0x0800d504                W25QXX_Write_Page
 .text.W25QXX_Write_NoCheck
                0x0800d574       0x3c build/w25qxx.o
                0x0800d574                W25QXX_Write_NoCheck
 .text.W25QXX_Erase_Sector
                0x0800d5b0       0x60 build/w25qxx.o
                0x0800d5b0                W25QXX_Erase_Sector
 .text.W25QXX_Write
                0x0800d610       0xa4 build/w25qxx.o
                0x0800d610                W25QXX_Write
 .text.computeCharWidths
                0x0800d6b4       0x80 build/display.o
 .text.drawLogo
                0x0800d734       0x1c build/display.o
 .text.drawInfoPage
                0x0800d750       0x4c build/display.o
 .text.renderScrollLine
                0x0800d79c       0xb8 build/display.o
 .text.DISP_DateTimeToSeconds
                0x0800d854       0x84 build/display.o
                0x0800d854                DISP_DateTimeToSeconds
 .text.DISP_GetAdminCfg
                0x0800d8d8        0x8 build/display.o
                0x0800d8d8                DISP_GetAdminCfg
 .text.DISP_ShowLogo
                0x0800d8e0       0x14 build/display.o
                0x0800d8e0                DISP_ShowLogo
 .text.DISP_ShowInfoPage
                0x0800d8f4       0x14 build/display.o
                0x0800d8f4                DISP_ShowInfoPage
 .text.DISP_FeedWatchdog
                0x0800d908       0x10 build/display.o
                0x0800d908                DISP_FeedWatchdog
 .text.DISP_CheckStuck
                0x0800d918       0x28 build/display.o
                0x0800d918                DISP_CheckStuck
 .text.DISP_ResetOLED
                0x0800d940       0x1e build/display.o
                0x0800d940                DISP_ResetOLED
 *fill*         0x0800d95e        0x2 
 .text.DISP_Init
                0x0800d960       0x44 build/display.o
                0x0800d960                DISP_Init
 .text.DISP_ApplyI2CConfig
                0x0800d9a4       0x28 build/display.o
                0x0800d9a4                DISP_ApplyI2CConfig
 .text.DISP_GetState
                0x0800d9cc        0xc build/display.o
                0x0800d9cc                DISP_GetState
 .text.DISP_SetState
                0x0800d9d8       0x68 build/display.o
                0x0800d9d8                DISP_SetState
 .text.DISP_ShowInitMsg
                0x0800da40       0x38 build/display.o
                0x0800da40                DISP_ShowInitMsg
 .text.DISP_UpdateTempCache
                0x0800da78       0x38 build/display.o
                0x0800da78                DISP_UpdateTempCache
 .text.DISP_GetCachedTemp
                0x0800dab0        0xc build/display.o
                0x0800dab0                DISP_GetCachedTemp
 .text.DISP_ShowClock
                0x0800dabc      0x2d8 build/display.o
                0x0800dabc                DISP_ShowClock
 .text.DISP_ShowCardResult
                0x0800dd94      0x548 build/display.o
                0x0800dd94                DISP_ShowCardResult
 .text.DISP_ShowTimeSet
                0x0800e2dc      0x168 build/display.o
                0x0800e2dc                DISP_ShowTimeSet
 .text.DISP_TimeSetKey
                0x0800e444      0x15c build/display.o
                0x0800e444                DISP_TimeSetKey
 .text.DISP_ShowAdminSet
                0x0800e5a0       0xf8 build/display.o
                0x0800e5a0                DISP_ShowAdminSet
 .text.DISP_AdminSetKey
                0x0800e698      0x138 build/display.o
                0x0800e698                DISP_AdminSetKey
 .text.DISP_GetCardInfo
                0x0800e7d0        0x8 build/display.o
                0x0800e7d0                DISP_GetCardInfo
 .text.DISP_NotifyCardEvent
                0x0800e7d8       0x78 build/display.o
                0x0800e7d8                DISP_NotifyCardEvent
 .text.DISP_GetBitmapBuf
                0x0800e850        0x8 build/display.o
                0x0800e850                DISP_GetBitmapBuf
 .text.DISP_SetWeatherCache
                0x0800e858       0xac build/display.o
                0x0800e858                DISP_SetWeatherCache
 .text.DISP_SetTimeOffset
                0x0800e904        0xc build/display.o
                0x0800e904                DISP_SetTimeOffset
 .text.DISP_GetTimeOffset
                0x0800e910        0xc build/display.o
                0x0800e910                DISP_GetTimeOffset
 .text.DISP_EnterTimeSync
                0x0800e91c        0xc build/display.o
                0x0800e91c                DISP_EnterTimeSync
 .text.DISP_ExitTimeSync
                0x0800e928        0xc build/display.o
                0x0800e928                DISP_ExitTimeSync
 .text.DISP_IsTimeSyncBusy
                0x0800e934        0xc build/display.o
                0x0800e934                DISP_IsTimeSyncBusy
 .text.CRC16_Calc
                0x0800e940       0x48 build/record.o
                0x0800e940                CRC16_Calc
 .text.Config_Load
                0x0800e988       0xb8 build/record.o
                0x0800e988                Config_Load
 .text.Config_Save
                0x0800ea40       0x50 build/record.o
                0x0800ea40                Config_Save
 .text.Config_GetDeviceId
                0x0800ea90        0xc build/record.o
                0x0800ea90                Config_GetDeviceId
 .text.Config_GetAttendMode
                0x0800ea9c        0xc build/record.o
                0x0800ea9c                Config_GetAttendMode
 .text.Record_Init
                0x0800eaa8       0x5c build/record.o
                0x0800eaa8                Record_Init
 .text.Record_Add
                0x0800eb04       0x90 build/record.o
                0x0800eb04                Record_Add
 .text.Record_QueryLast
                0x0800eb94       0x5c build/record.o
                0x0800eb94                Record_QueryLast
 .text.Record_List
                0x0800ebf0      0x154 build/record.o
                0x0800ebf0                Record_List
 .text.Record_MarkAllUploaded
                0x0800ed44       0x30 build/record.o
                0x0800ed44                Record_MarkAllUploaded
 .text.Record_GetUnuploadCount
                0x0800ed74       0x18 build/record.o
                0x0800ed74                Record_GetUnuploadCount
 .text.Record_FixAllTimeOffsets
                0x0800ed8c       0x94 build/record.o
                0x0800ed8c                Record_FixAllTimeOffsets
 .text.Cache_Find
                0x0800ee20       0x48 build/record.o
                0x0800ee20                Cache_Find
 .text.Cache_Update
                0x0800ee68       0x8c build/record.o
                0x0800ee68                Cache_Update
 .text.Cache_Clear
                0x0800eef4       0x14 build/record.o
                0x0800eef4                Cache_Clear
 .text.Blacklist_Init
                0x0800ef08       0x5c build/record.o
                0x0800ef08                Blacklist_Init
 .text.Blacklist_Save
                0x0800ef64       0x30 build/record.o
                0x0800ef64                Blacklist_Save
 .text.Blacklist_Add
                0x0800ef94       0x4c build/record.o
                0x0800ef94                Blacklist_Add
 .text.Blacklist_Remove
                0x0800efe0       0x44 build/record.o
                0x0800efe0                Blacklist_Remove
 .text.Blacklist_IsBlocked
                0x0800f024       0x28 build/record.o
                0x0800f024                Blacklist_IsBlocked
 .text.Blacklist_GetCount
                0x0800f04c        0xc build/record.o
                0x0800f04c                Blacklist_GetCount
 .text.Reset_Handler
                0x0800f058       0x50 build/startup_stm32f407xx.o
                0x0800f058                Reset_Handler
 .text.Default_Handler
                0x0800f0a8        0x2 build/startup_stm32f407xx.o
                0x0800f0a8                RTC_Alarm_IRQHandler
                0x0800f0a8                HASH_RNG_IRQHandler
                0x0800f0a8                EXTI2_IRQHandler
                0x0800f0a8                TIM8_CC_IRQHandler
                0x0800f0a8                TIM1_CC_IRQHandler
                0x0800f0a8                DMA2_Stream5_IRQHandler
                0x0800f0a8                PVD_IRQHandler
                0x0800f0a8                SDIO_IRQHandler
                0x0800f0a8                TAMP_STAMP_IRQHandler
                0x0800f0a8                CAN2_RX1_IRQHandler
                0x0800f0a8                EXTI3_IRQHandler
                0x0800f0a8                TIM8_TRG_COM_TIM14_IRQHandler
                0x0800f0a8                TIM1_UP_TIM10_IRQHandler
                0x0800f0a8                I2C3_ER_IRQHandler
                0x0800f0a8                EXTI0_IRQHandler
                0x0800f0a8                I2C2_EV_IRQHandler
                0x0800f0a8                DMA1_Stream2_IRQHandler
                0x0800f0a8                CAN1_RX0_IRQHandler
                0x0800f0a8                FPU_IRQHandler
                0x0800f0a8                OTG_HS_WKUP_IRQHandler
                0x0800f0a8                CAN2_SCE_IRQHandler
                0x0800f0a8                SPI1_IRQHandler
                0x0800f0a8                TIM6_DAC_IRQHandler
                0x0800f0a8                TIM1_BRK_TIM9_IRQHandler
                0x0800f0a8                DCMI_IRQHandler
                0x0800f0a8                CAN2_RX0_IRQHandler
                0x0800f0a8                DMA2_Stream3_IRQHandler
                0x0800f0a8                USART3_IRQHandler
                0x0800f0a8                CAN1_RX1_IRQHandler
                0x0800f0a8                UART5_IRQHandler
                0x0800f0a8                TIM4_IRQHandler
                0x0800f0a8                I2C1_EV_IRQHandler
                0x0800f0a8                DMA1_Stream6_IRQHandler
                0x0800f0a8                DMA1_Stream1_IRQHandler
                0x0800f0a8                UART4_IRQHandler
                0x0800f0a8                RCC_IRQHandler
                0x0800f0a8                TIM8_BRK_TIM12_IRQHandler
                0x0800f0a8                Default_Handler
                0x0800f0a8                EXTI15_10_IRQHandler
                0x0800f0a8                ADC_IRQHandler
                0x0800f0a8                DMA1_Stream7_IRQHandler
                0x0800f0a8                CAN2_TX_IRQHandler
                0x0800f0a8                TIM5_IRQHandler
                0x0800f0a8                I2C3_EV_IRQHandler
                0x0800f0a8                EXTI9_5_IRQHandler
                0x0800f0a8                RTC_WKUP_IRQHandler
                0x0800f0a8                ETH_WKUP_IRQHandler
                0x0800f0a8                SPI2_IRQHandler
                0x0800f0a8                OTG_HS_EP1_IN_IRQHandler
                0x0800f0a8                DMA1_Stream0_IRQHandler
                0x0800f0a8                CAN1_TX_IRQHandler
                0x0800f0a8                EXTI4_IRQHandler
                0x0800f0a8                FSMC_IRQHandler
                0x0800f0a8                ETH_IRQHandler
                0x0800f0a8                OTG_HS_EP1_OUT_IRQHandler
                0x0800f0a8                WWDG_IRQHandler
                0x0800f0a8                TIM2_IRQHandler
                0x0800f0a8                OTG_FS_WKUP_IRQHandler
                0x0800f0a8                TIM1_TRG_COM_TIM11_IRQHandler
                0x0800f0a8                OTG_HS_IRQHandler
                0x0800f0a8                EXTI1_IRQHandler
                0x0800f0a8                USART2_IRQHandler
                0x0800f0a8                I2C2_ER_IRQHandler
                0x0800f0a8                CAN1_SCE_IRQHandler
                0x0800f0a8                FLASH_IRQHandler
                0x0800f0a8                DMA2_Stream4_IRQHandler
                0x0800f0a8                OTG_FS_IRQHandler
                0x0800f0a8                SPI3_IRQHandler
                0x0800f0a8                DMA1_Stream4_IRQHandler
                0x0800f0a8                I2C1_ER_IRQHandler
                0x0800f0a8                DMA1_Stream3_IRQHandler
 .text.atoi     0x0800f0aa        0x8 E:/STM32/Tools/arm-none-eabi-gcc/14.2.1-1.1.1/.content/bin/../lib/gcc/arm-none-eabi/14.2.1/../../../../arm-none-eabi/lib/thumb/v7e-m+fp/hard\libc_nano.a(libc_a-atoi.o)
                0x0800f0aa                atoi
 *fill*         0x0800f0b2        0x2 
 .text._strtol_l.isra.0
                0x0800f0b4       0xf4 E:/STM32/Tools/arm-none-eabi-gcc/14.2.1-1.1.1/.content/bin/../lib/gcc/arm-none-eabi/14.2.1/../../../../arm-none-eabi/lib/thumb/v7e-m+fp/hard\libc_nano.a(libc_a-strtol.o)
 .text._strtol_r
                0x0800f1a8        0x4 E:/STM32/Tools/arm-none-eabi-gcc/14.2.1-1.1.1/.content/bin/../lib/gcc/arm-none-eabi/14.2.1/../../../../arm-none-eabi/lib/thumb/v7e-m+fp/hard\libc_nano.a(libc_a-strtol.o)
                0x0800f1a8                _strtol_r
 .text.strtol   0x0800f1ac       0x14 E:/STM32/Tools/arm-none-eabi-gcc/14.2.1-1.1.1/.content/bin/../lib/gcc/arm-none-eabi/14.2.1/../../../../arm-none-eabi/lib/thumb/v7e-m+fp/hard\libc_nano.a(libc_a-strtol.o)
                0x0800f1ac                strtol
 .text.__cvt    0x0800f1c0       0xca E:/STM32/Tools/arm-none-eabi-gcc/14.2.1-1.1.1/.content/bin/../lib/gcc/arm-none-eabi/14.2.1/../../../../arm-none-eabi/lib/thumb/v7e-m+fp/hard\libc_nano.a(libc_a-nano-vfprintf_float.o)
                0x0800f1c0                __cvt
 .text.__exponent
                0x0800f28a       0x74 E:/STM32/Tools/arm-none-eabi-gcc/14.2.1-1.1.1/.content/bin/../lib/gcc/arm-none-eabi/14.2.1/../../../../arm-none-eabi/lib/thumb/v7e-m+fp/hard\libc_nano.a(libc_a-nano-vfprintf_float.o)
                0x0800f28a                __exponent
 *fill*         0x0800f2fe        0x2 
 .text._printf_float
                0x0800f300      0x450 E:/STM32/Tools/arm-none-eabi-gcc/14.2.1-1.1.1/.content/bin/../lib/gcc/arm-none-eabi/14.2.1/../../../../arm-none-eabi/lib/thumb/v7e-m+fp/hard\libc_nano.a(libc_a-nano-vfprintf_float.o)
                0x0800f300                _printf_float
 .text._printf_common
                0x0800f750       0xda E:/STM32/Tools/arm-none-eabi-gcc/14.2.1-1.1.1/.content/bin/../lib/gcc/arm-none-eabi/14.2.1/../../../../arm-none-eabi/lib/thumb/v7e-m+fp/hard\libc_nano.a(libc_a-nano-vfprintf_i.o)
                0x0800f750                _printf_common
 *fill*         0x0800f82a        0x2 
 .text._printf_i
                0x0800f82c      0x240 E:/STM32/Tools/arm-none-eabi-gcc/14.2.1-1.1.1/.content/bin/../lib/gcc/arm-none-eabi/14.2.1/../../../../arm-none-eabi/lib/thumb/v7e-m+fp/hard\libc_nano.a(libc_a-nano-vfprintf_i.o)
                0x0800f82c                _printf_i
 .text.std      0x0800fa6c       0x6c E:/STM32/Tools/arm-none-eabi-gcc/14.2.1-1.1.1/.content/bin/../lib/gcc/arm-none-eabi/14.2.1/../../../../arm-none-eabi/lib/thumb/v7e-m+fp/hard\libc_nano.a(libc_a-findfp.o)
 .text.stdio_exit_handler
                0x0800fad8       0x18 E:/STM32/Tools/arm-none-eabi-gcc/14.2.1-1.1.1/.content/bin/../lib/gcc/arm-none-eabi/14.2.1/../../../../arm-none-eabi/lib/thumb/v7e-m+fp/hard\libc_nano.a(libc_a-findfp.o)
 .text.cleanup_stdio
                0x0800faf0       0x40 E:/STM32/Tools/arm-none-eabi-gcc/14.2.1-1.1.1/.content/bin/../lib/gcc/arm-none-eabi/14.2.1/../../../../arm-none-eabi/lib/thumb/v7e-m+fp/hard\libc_nano.a(libc_a-findfp.o)
 .text.global_stdio_init.part.0
                0x0800fb30       0x40 E:/STM32/Tools/arm-none-eabi-gcc/14.2.1-1.1.1/.content/bin/../lib/gcc/arm-none-eabi/14.2.1/../../../../arm-none-eabi/lib/thumb/v7e-m+fp/hard\libc_nano.a(libc_a-findfp.o)
 .text.__sfp_lock_acquire
                0x0800fb70        0xc E:/STM32/Tools/arm-none-eabi-gcc/14.2.1-1.1.1/.content/bin/../lib/gcc/arm-none-eabi/14.2.1/../../../../arm-none-eabi/lib/thumb/v7e-m+fp/hard\libc_nano.a(libc_a-findfp.o)
                0x0800fb70                __sfp_lock_acquire
 .text.__sfp_lock_release
                0x0800fb7c        0xc E:/STM32/Tools/arm-none-eabi-gcc/14.2.1-1.1.1/.content/bin/../lib/gcc/arm-none-eabi/14.2.1/../../../../arm-none-eabi/lib/thumb/v7e-m+fp/hard\libc_nano.a(libc_a-findfp.o)
                0x0800fb7c                __sfp_lock_release
 .text.__sinit  0x0800fb88       0x30 E:/STM32/Tools/arm-none-eabi-gcc/14.2.1-1.1.1/.content/bin/../lib/gcc/arm-none-eabi/14.2.1/../../../../arm-none-eabi/lib/thumb/v7e-m+fp/hard\libc_nano.a(libc_a-findfp.o)
                0x0800fb88                __sinit
 .text._fwalk_sglue
                0x0800fbb8       0x3c E:/STM32/Tools/arm-none-eabi-gcc/14.2.1-1.1.1/.content/bin/../lib/gcc/arm-none-eabi/14.2.1/../../../../arm-none-eabi/lib/thumb/v7e-m+fp/hard\libc_nano.a(libc_a-fwalk.o)
                0x0800fbb8                _fwalk_sglue
 .text.printf   0x0800fbf4       0x24 E:/STM32/Tools/arm-none-eabi-gcc/14.2.1-1.1.1/.content/bin/../lib/gcc/arm-none-eabi/14.2.1/../../../../arm-none-eabi/lib/thumb/v7e-m+fp/hard\libc_nano.a(libc_a-printf.o)
                0x0800fbf4                iprintf
                0x0800fbf4                printf
 .text._puts_r  0x0800fc18       0xaa E:/STM32/Tools/arm-none-eabi-gcc/14.2.1-1.1.1/.content/bin/../lib/gcc/arm-none-eabi/14.2.1/../../../../arm-none-eabi/lib/thumb/v7e-m+fp/hard\libc_nano.a(libc_a-puts.o)
                0x0800fc18                _puts_r
 *fill*         0x0800fcc2        0x2 
 .text.puts     0x0800fcc4       0x10 E:/STM32/Tools/arm-none-eabi-gcc/14.2.1-1.1.1/.content/bin/../lib/gcc/arm-none-eabi/14.2.1/../../../../arm-none-eabi/lib/thumb/v7e-m+fp/hard\libc_nano.a(libc_a-puts.o)
                0x0800fcc4                puts
 .text.snprintf
                0x0800fcd4       0x6c E:/STM32/Tools/arm-none-eabi-gcc/14.2.1-1.1.1/.content/bin/../lib/gcc/arm-none-eabi/14.2.1/../../../../arm-none-eabi/lib/thumb/v7e-m+fp/hard\libc_nano.a(libc_a-snprintf.o)
                0x0800fcd4                sniprintf
                0x0800fcd4                snprintf
 .text.sprintf  0x0800fd40       0x44 E:/STM32/Tools/arm-none-eabi-gcc/14.2.1-1.1.1/.content/bin/../lib/gcc/arm-none-eabi/14.2.1/../../../../arm-none-eabi/lib/thumb/v7e-m+fp/hard\libc_nano.a(libc_a-sprintf.o)
                0x0800fd40                siprintf
                0x0800fd40                sprintf
 .text.sscanf   0x0800fd84       0x58 E:/STM32/Tools/arm-none-eabi-gcc/14.2.1-1.1.1/.content/bin/../lib/gcc/arm-none-eabi/14.2.1/../../../../arm-none-eabi/lib/thumb/v7e-m+fp/hard\libc_nano.a(libc_a-sscanf.o)
                0x0800fd84                siscanf
                0x0800fd84                sscanf
 .text.__sread  0x0800fddc       0x22 E:/STM32/Tools/arm-none-eabi-gcc/14.2.1-1.1.1/.content/bin/../lib/gcc/arm-none-eabi/14.2.1/../../../../arm-none-eabi/lib/thumb/v7e-m+fp/hard\libc_nano.a(libc_a-stdio.o)
                0x0800fddc                __sread
 .text.__seofread
                0x0800fdfe        0x4 E:/STM32/Tools/arm-none-eabi-gcc/14.2.1-1.1.1/.content/bin/../lib/gcc/arm-none-eabi/14.2.1/../../../../arm-none-eabi/lib/thumb/v7e-m+fp/hard\libc_nano.a(libc_a-stdio.o)
                0x0800fdfe                __seofread
 .text.__swrite
                0x0800fe02       0x38 E:/STM32/Tools/arm-none-eabi-gcc/14.2.1-1.1.1/.content/bin/../lib/gcc/arm-none-eabi/14.2.1/../../../../arm-none-eabi/lib/thumb/v7e-m+fp/hard\libc_nano.a(libc_a-stdio.o)
                0x0800fe02                __swrite
 .text.__sseek  0x0800fe3a       0x26 E:/STM32/Tools/arm-none-eabi-gcc/14.2.1-1.1.1/.content/bin/../lib/gcc/arm-none-eabi/14.2.1/../../../../arm-none-eabi/lib/thumb/v7e-m+fp/hard\libc_nano.a(libc_a-stdio.o)
                0x0800fe3a                __sseek
 .text.__sclose
                0x0800fe60        0x8 E:/STM32/Tools/arm-none-eabi-gcc/14.2.1-1.1.1/.content/bin/../lib/gcc/arm-none-eabi/14.2.1/../../../../arm-none-eabi/lib/thumb/v7e-m+fp/hard\libc_nano.a(libc_a-stdio.o)
                0x0800fe60                __sclose
 .text.__swbuf_r
                0x0800fe68       0x7c E:/STM32/Tools/arm-none-eabi-gcc/14.2.1-1.1.1/.content/bin/../lib/gcc/arm-none-eabi/14.2.1/../../../../arm-none-eabi/lib/thumb/v7e-m+fp/hard\libc_nano.a(libc_a-wbuf.o)
                0x0800fe68                __swbuf_r
 .text.__swsetup_r
                0x0800fee4       0xa8 E:/STM32/Tools/arm-none-eabi-gcc/14.2.1-1.1.1/.content/bin/../lib/gcc/arm-none-eabi/14.2.1/../../../../arm-none-eabi/lib/thumb/v7e-m+fp/hard\libc_nano.a(libc_a-wsetup.o)
                0x0800fee4                __swsetup_r
 .text.memcmp   0x0800ff8c       0x20 E:/STM32/Tools/arm-none-eabi-gcc/14.2.1-1.1.1/.content/bin/../lib/gcc/arm-none-eabi/14.2.1/../../../../arm-none-eabi/lib/thumb/v7e-m+fp/hard\libc_nano.a(libc_a-memcmp.o)
                0x0800ff8c                memcmp
 .text.memset   0x0800ffac       0x10 E:/STM32/Tools/arm-none-eabi-gcc/14.2.1-1.1.1/.content/bin/../lib/gcc/arm-none-eabi/14.2.1/../../../../arm-none-eabi/lib/thumb/v7e-m+fp/hard\libc_nano.a(libc_a-memset.o)
                0x0800ffac                memset
 .text.strchr   0x0800ffbc       0x1a E:/STM32/Tools/arm-none-eabi-gcc/14.2.1-1.1.1/.content/bin/../lib/gcc/arm-none-eabi/14.2.1/../../../../arm-none-eabi/lib/thumb/v7e-m+fp/hard\libc_nano.a(libc_a-strchr.o)
                0x0800ffbc                strchr
 .text.strncmp  0x0800ffd6       0x24 E:/STM32/Tools/arm-none-eabi-gcc/14.2.1-1.1.1/.content/bin/../lib/gcc/arm-none-eabi/14.2.1/../../../../arm-none-eabi/lib/thumb/v7e-m+fp/hard\libc_nano.a(libc_a-strncmp.o)
                0x0800ffd6                strncmp
 .text.strncpy  0x0800fffa       0x26 E:/STM32/Tools/arm-none-eabi-gcc/14.2.1-1.1.1/.content/bin/../lib/gcc/arm-none-eabi/14.2.1/../../../../arm-none-eabi/lib/thumb/v7e-m+fp/hard\libc_nano.a(libc_a-strncpy.o)
                0x0800fffa                strncpy
 .text.strstr   0x08010020       0x2c E:/STM32/Tools/arm-none-eabi-gcc/14.2.1-1.1.1/.content/bin/../lib/gcc/arm-none-eabi/14.2.1/../../../../arm-none-eabi/lib/thumb/v7e-m+fp/hard\libc_nano.a(libc_a-strstr.o)
                0x08010020                strstr
 .text._localeconv_r
                0x0801004c        0x8 E:/STM32/Tools/arm-none-eabi-gcc/14.2.1-1.1.1/.content/bin/../lib/gcc/arm-none-eabi/14.2.1/../../../../arm-none-eabi/lib/thumb/v7e-m+fp/hard\libc_nano.a(libc_a-localeconv.o)
                0x0801004c                _localeconv_r
 .text._close_r
                0x08010054       0x20 E:/STM32/Tools/arm-none-eabi-gcc/14.2.1-1.1.1/.content/bin/../lib/gcc/arm-none-eabi/14.2.1/../../../../arm-none-eabi/lib/thumb/v7e-m+fp/hard\libc_nano.a(libc_a-closer.o)
                0x08010054                _close_r
 .text._lseek_r
                0x08010074       0x24 E:/STM32/Tools/arm-none-eabi-gcc/14.2.1-1.1.1/.content/bin/../lib/gcc/arm-none-eabi/14.2.1/../../../../arm-none-eabi/lib/thumb/v7e-m+fp/hard\libc_nano.a(libc_a-lseekr.o)
                0x08010074                _lseek_r
 .text._read_r  0x08010098       0x24 E:/STM32/Tools/arm-none-eabi-gcc/14.2.1-1.1.1/.content/bin/../lib/gcc/arm-none-eabi/14.2.1/../../../../arm-none-eabi/lib/thumb/v7e-m+fp/hard\libc_nano.a(libc_a-readr.o)
                0x08010098                _read_r
 .text._write_r
                0x080100bc       0x24 E:/STM32/Tools/arm-none-eabi-gcc/14.2.1-1.1.1/.content/bin/../lib/gcc/arm-none-eabi/14.2.1/../../../../arm-none-eabi/lib/thumb/v7e-m+fp/hard\libc_nano.a(libc_a-writer.o)
                0x080100bc                _write_r
 .text.__errno  0x080100e0        0xc E:/STM32/Tools/arm-none-eabi-gcc/14.2.1-1.1.1/.content/bin/../lib/gcc/arm-none-eabi/14.2.1/../../../../arm-none-eabi/lib/thumb/v7e-m+fp/hard\libc_nano.a(libc_a-errno.o)
                0x080100e0                __errno
 .text.__libc_init_array
                0x080100ec       0x48 E:/STM32/Tools/arm-none-eabi-gcc/14.2.1-1.1.1/.content/bin/../lib/gcc/arm-none-eabi/14.2.1/../../../../arm-none-eabi/lib/thumb/v7e-m+fp/hard\libc_nano.a(libc_a-init.o)
                0x080100ec                __libc_init_array
 .text.__retarget_lock_init_recursive
                0x08010134        0x2 E:/STM32/Tools/arm-none-eabi-gcc/14.2.1-1.1.1/.content/bin/../lib/gcc/arm-none-eabi/14.2.1/../../../../arm-none-eabi/lib/thumb/v7e-m+fp/hard\libc_nano.a(libc_a-lock.o)
                0x08010134                __retarget_lock_init_recursive
 .text.__retarget_lock_acquire_recursive
                0x08010136        0x2 E:/STM32/Tools/arm-none-eabi-gcc/14.2.1-1.1.1/.content/bin/../lib/gcc/arm-none-eabi/14.2.1/../../../../arm-none-eabi/lib/thumb/v7e-m+fp/hard\libc_nano.a(libc_a-lock.o)
                0x08010136                __retarget_lock_acquire_recursive
 .text.__retarget_lock_release_recursive
                0x08010138        0x2 E:/STM32/Tools/arm-none-eabi-gcc/14.2.1-1.1.1/.content/bin/../lib/gcc/arm-none-eabi/14.2.1/../../../../arm-none-eabi/lib/thumb/v7e-m+fp/hard\libc_nano.a(libc_a-lock.o)
                0x08010138                __retarget_lock_release_recursive
 .text.memcpy   0x0801013a       0x1c E:/STM32/Tools/arm-none-eabi-gcc/14.2.1-1.1.1/.content/bin/../lib/gcc/arm-none-eabi/14.2.1/../../../../arm-none-eabi/lib/thumb/v7e-m+fp/hard\libc_nano.a(libc_a-memcpy-stub.o)
                0x0801013a                memcpy
 .text.quorem   0x08010156      0x110 E:/STM32/Tools/arm-none-eabi-gcc/14.2.1-1.1.1/.content/bin/../lib/gcc/arm-none-eabi/14.2.1/../../../../arm-none-eabi/lib/thumb/v7e-m+fp/hard\libc_nano.a(libc_a-dtoa.o)
 *fill*         0x08010266        0x2 
 .text._dtoa_r  0x08010268      0xbc0 E:/STM32/Tools/arm-none-eabi-gcc/14.2.1-1.1.1/.content/bin/../lib/gcc/arm-none-eabi/14.2.1/../../../../arm-none-eabi/lib/thumb/v7e-m+fp/hard\libc_nano.a(libc_a-dtoa.o)
                0x08010268                _dtoa_r
 .text._free_r  0x08010e28       0x94 E:/STM32/Tools/arm-none-eabi-gcc/14.2.1-1.1.1/.content/bin/../lib/gcc/arm-none-eabi/14.2.1/../../../../arm-none-eabi/lib/thumb/v7e-m+fp/hard\libc_nano.a(libc_a-freer.o)
                0x08010e28                _free_r
 .text.malloc   0x08010ebc       0x10 E:/STM32/Tools/arm-none-eabi-gcc/14.2.1-1.1.1/.content/bin/../lib/gcc/arm-none-eabi/14.2.1/../../../../arm-none-eabi/lib/thumb/v7e-m+fp/hard\libc_nano.a(libc_a-malloc.o)
                0x08010ebc                malloc
 .text.sbrk_aligned
                0x08010ecc       0x44 E:/STM32/Tools/arm-none-eabi-gcc/14.2.1-1.1.1/.content/bin/../lib/gcc/arm-none-eabi/14.2.1/../../../../arm-none-eabi/lib/thumb/v7e-m+fp/hard\libc_nano.a(libc_a-mallocr.o)
 .text._malloc_r
                0x08010f10      0x100 E:/STM32/Tools/arm-none-eabi-gcc/14.2.1-1.1.1/.content/bin/../lib/gcc/arm-none-eabi/14.2.1/../../../../arm-none-eabi/lib/thumb/v7e-m+fp/hard\libc_nano.a(libc_a-mallocr.o)
                0x08010f10                _malloc_r
 .text.__malloc_lock
                0x08011010        0xc E:/STM32/Tools/arm-none-eabi-gcc/14.2.1-1.1.1/.content/bin/../lib/gcc/arm-none-eabi/14.2.1/../../../../arm-none-eabi/lib/thumb/v7e-m+fp/hard\libc_nano.a(libc_a-mlock.o)
                0x08011010                __malloc_lock
 .text.__malloc_unlock
                0x0801101c        0xc E:/STM32/Tools/arm-none-eabi-gcc/14.2.1-1.1.1/.content/bin/../lib/gcc/arm-none-eabi/14.2.1/../../../../arm-none-eabi/lib/thumb/v7e-m+fp/hard\libc_nano.a(libc_a-mlock.o)
                0x0801101c                __malloc_unlock
 .text._Balloc  0x08011028       0x7c E:/STM32/Tools/arm-none-eabi-gcc/14.2.1-1.1.1/.content/bin/../lib/gcc/arm-none-eabi/14.2.1/../../../../arm-none-eabi/lib/thumb/v7e-m+fp/hard\libc_nano.a(libc_a-mprec.o)
                0x08011028                _Balloc
 .text._Bfree   0x080110a4       0x44 E:/STM32/Tools/arm-none-eabi-gcc/14.2.1-1.1.1/.content/bin/../lib/gcc/arm-none-eabi/14.2.1/../../../../arm-none-eabi/lib/thumb/v7e-m+fp/hard\libc_nano.a(libc_a-mprec.o)
                0x080110a4                _Bfree
 .text.__multadd
                0x080110e8       0x8c E:/STM32/Tools/arm-none-eabi-gcc/14.2.1-1.1.1/.content/bin/../lib/gcc/arm-none-eabi/14.2.1/../../../../arm-none-eabi/lib/thumb/v7e-m+fp/hard\libc_nano.a(libc_a-mprec.o)
                0x080110e8                __multadd
 .text.__hi0bits